[  0.000] nitiazi cgroup subsys cppuset
[    0.000000] Initializing cgroup subyscp
    00000Initialzig group subyspuacct
[   .0000] Linux rsion 4..027-geerc builddcy-amd64-023) (gcc version 5.4.0 2016060 (bunt 5.06ubuu1~16.04.9) ) #153-Ubunu SMPSaMa 19 10:58:46 UTC 2018 (Ubuntu 4.4.0-127.153-generic 4.4.128)
    0.000000] Comman lne: OOIMGE=/boot/vmlinuz-4.4.0-127-generic root=UUID=08cdc44e-6947-4c8c-9e6b-f5b15d5361b5 ro console=tty1 console=ttyS0
[    0.000] KERNEL spprtd pus
    0.000000]  Itel ennentel
[    0.000000]   AMD AuthenticAMD
[    0.000000]  Ceaur enauHals
[   .0000]x8/fu:xsate_ofet]:  76 xate_izs[]: 256
[   000000] x8/f: uppoti XAV ftue 0x01: 'x7 floang poi ristes'[   .0000]x8fp: Spprtg XSAV fatre0x2:SS regisrs
  0.00000 x/fpu SpporinXSVE feur00x04: 'AVX registers'
[    0.000000] x86/fpu: Enabled xstate fetus 0x7 ctet sizeis32bytes ung'stadad' ormat.
[    0.000000] x86/fpu: Using 'lazy' FPU context switches.
[    0.000000] e820: BIOS-provided physical RAM map:
[  0.0000 BOS-e0:mem 00000000000-000000000009fbff]usle
[   0.000] BOSe8:  [mm 000000000900-0x00000009fff resrv
    0.000] BIOe8: [mem0x0000000f00-0x00000000fff] served[    00000]IO-e80:[m 0x00000000000-00000003ffff] sale[    0000] BS-20: [m 0000000ff000-0x000003fffff] ACP da
[    0.000000 BOS-e0:[mem 0x0000fe0000x00000fe00ff] seve
[  0.0000]BIS-e8: me 000000fee00-0000000e00ff] seve
  0.00000] OSe8: em 000000fc00-0x000000fffff] reserved[    0.000000 N(EecteDible) protcton ative
[   .0000 SIOS .5reent.
[   000000 Hpeisordectd: KM    0.00000 e20: stfn = 0ff maxar_pn = 0400000
    0.000000] MR: Disle
[   0.000000 x86/PAT: MRRs dsaled, ipng PT italiztin o.
[   .00000] U TRs l lank vtualzesytem.
[    0.000000] x86/PAT: Configuration [0-7]: WB  WT  UC- UC  WB  WT  UC- UC  
[    0.000000] found SMP MP-table at [mem 0x0009fff0-0x0009ffff] mapped at [ffff88000009fff0]
[    0.000000] Scanning 1 areas for low memory corruption
[    0.000000] RAMDISK: [mem 0x3600000x70fff]
[  00000 APIEalytabl cckum verifaton disbl
[   .000000] ACI:SD 0000000000E00 00024(v VOX  )
[    0.000] AC: DT 0x00003FF0300003C (01VB   VOXDT00000 AL  00006)
[  000000]CP: AC0x000000FF0F 000F4v0 VBOX  OXFACP00001 AS  00061)
[    0.000]ACPI: DSDT 0x000000003FFF0470 0021FF (v02 VBOX   VBOXBIOS 00000002 INTL 20100528)
[    0.000000] CP: FACS x000000FF020 000
[   0.000]AC: ACS x000003F02 000040[   .000] ACPI AC x00000FFF040005C (2 OX  VBAPC 000000AS  00001)
[  000000] CP SDT 0000003FFA00001C(v01 BO  BOCP 00002NTL 20008)
[    0000] N NUM cfiguratn und
[     0.00] Fakig noe t em0x000000000000-0x000003ffefff][    0000] DEDAA(0)alcaed[mm x3fe000x3ffefff
   0.000000] kvm-clock: Using msrs 4b56d0 and 4b6400
[    00000] vmlok:cp 0, sr :3fe00, primay pulock
[   .0000]vmcloc: sinschedfft of 009145 cycle
   00000 clocksur: kv-cck mak:xfffffffffffmacyles: x1d42e4dff, axdle_s:8190913 s
[   0.000] Zneanes
  0.0000  DMA    [me 0x000000000000-00000000ffff]
[  000000  MA2    [emx00000000000-0x000000003ffeffff
  0.000000] Nmal  ety
[  000000]   Devic  emty
[    0.000000] Movable zone start for each node
[    0.000000] Early memory node ranges
[    0.000000]   node   0: [mem 0x0000000000001000-0x0000000000ef]
[  00000  ode   : [m 00000000100000-0000003ffefff
   0.00000 Itmem tunode [mm x000000001000-0x000003ffeffff]
[  0.00000]CP PM-meIO Po: 4008
  0.00000 IPI[0: picid 2, erio 3, drss 0xf000, GSI0-
[   0.000]AC: NTSROV (bu0 usirq glal_iq  d dfl
  0.000000] API IT_C_VR (b 0us_irq glal_irq lw lel)
[  000000]si ACP(MDT) fo SP confguatoninformation
  0.0000 spboot: Aowg 2 Cs, hotpg Us
[  000000] PMRester nave mor [mem 0x0000000-00000fff
  0.00000] : Regted nose mory: [mm x000f000-0x09fff
  0.0000 P: Registered noave meor: em 000000-0x0eff][  0.00000]M:Regiteedosave mo: [m 000f000x00fffff]
[    0.00000] 20[mem 0x40000000-0xfebfff] aailable for PCI devices
[    0.000000] Booting paravirtualized kernel on KVM
[    0.000000] clocksource: refined-jiffies: mask: 0xffffffff max_cycles: 0xffffffff, max_idle_ns: 7645519600211568 ns
[    0.000000] setup_percpu: NR_CPUS:512 nr_cpuma_bts512nr_u_ds:nrode_is:
[   0.0000] PERPU:mbded 34 pages/cpu @ffff88003fc00000 s99544 r8192 d31528 u104856
[   0.000]  qinlock hshable entries: 256 (order: 0, 4096 bytes)
[    0.000000] Built 1 zonelists in Node order, mobility grouping on.  Total pages: 257912
[    0.000000] Policy zone: DMA32
[    0.000000] Kernel command line: BOOT_IMAGE=/boot/vmlinuz-4.4.0-127-generic root=UUID=08cdc44e-6947-4c8c-9e6b-f5b15d5361b5 ro console=tty1 console=ttyS0
[    0.000000] PID hash table entries: 4096 (order: 3, 32768 bytes)
[    0.000000] Memory: 997160K/1081K vailable(87K kenecoe, 1313Krwta 400roata, 51 iit,31K bss,50960K reserved, 0K cma-reserved)
[    .0000] SB:Walign=6, de=0-, nOjec=0CPUs=2, Nde1
[   0.000] Keelser pagetaesisoltion: eabled
  0.0000 Herrcca RCU imlenttio.    0.0000	Buil-te djusenof lafanut t 6
    .000] 	CUesriti CUs frm R_US=512 t ncp_ids=.    0000] RU:djsting gemey for rcu_fanout_leaf=64, nr_cpu_ids=2
[    0.000000] NR_IRQS:33024 nr_irqs:440 16
[    0.000000] Console: colour VGA+ 80x25
[    0.000000] console [tty1] enabled
[    0.000000] console [ttyS0] enabled
[    0.000000] tsc: Detected 2899.998 MHz processor
[   20.262573] Calibrating delay loop (skipped) preset value.. 79999 BogoMIPS (lpj=11599992)
[   20.318134] pid_max: default: 32768 minimum: 301
[   20.364296] ACPI: Core revision 20150930
[   20.425184] ACPI: 2 ACPI AML tables successfully acquired and loaded
[   20.524811] Security Framework initialized
[   20.574143] Yama: becoming mindful.
[   20.625961] AppArmor: AppArmor initialized
[   20.691306] Dentry cache hash table entries: 131072 (order: 8, 1048576 bytes)
[   20.811612] Inode-cache hash table entries: 65536 (order: 7, 524288 bytes)
[   20.871792] Mount-cache hash table entries: 2048 (order: 2, 16384 bytes)
[   20.896432] Mountpoint-cache hash table entries: 2048 (order: 2, 16384 bytes)
[   20.946754] Initializing cgroup subsys io
[   21.008044] Initializing cgroup subsys memory
[   21.054059] Initializing cgroup subsys devices
[   21.140279] Initializing cgroup subsys freezer
[   21.201835] Initializing cgroup subsys net_cls
[   21.251027] Initializing cgroup subsys perf_event
[   21.252521] Initializing cgroup subsys net_prio
[   21.254177] Initializing cgroup subsys hugetlb
[   21.329734] Initializing cgroup subsys pids
[   21.358868] CPU: Physical Processor ID: 0
[   21.406322] CPU: Processor Core ID: 0
[   21.452443] mce: CPU supports 0 MCE banks
[   21.523464] Last level iTLB entries: 4KB 64, 2MB 8, 4MB 8
[   21.574719] Last level dTLB entries: 4KB 64, 2MB 0, 4MB 0, 1GB 4
[   21.576567] Spectre V2 : Mitigation: Full generic retpoline
[   21.653531] Spectre V2 : Speculation control IBPB not-supported IBRS not-supported
[   21.769011] Speculative Store Bypass: Vulnerable
[   21.844082] Freeing SMP alternatives memory: 32K
[   21.929227] ftrace: allocating 32237 entries in 126 pages
[   22.024158] smpboot: APIC(0) Converting physical 0 to logical package 0
[   22.145930] smpboot: Max logical packages: 1
[   22.217826] x2apic enabled
[   22.266097] Switched APIC routing to physical x2apic.
[   22.315485] ..TIMER: vector=0x30 apic1=0 pin1=2 apic2=-1 pin2=-1
[   22.425593] smpboot: CPU0: Intel(R) Core(TM) i5-5287U CPU @ 2.90GHz (family: 0x6, model: 0x3d, stepping: 0x4)
[   22.542016] Performance Events: unsupported p6 CPU model 61 no PMU driver, software events only.
[   22.615987] KVM setup paravirtual spinlock
[   22.687444] x86: Booting SMP configuration:
[   22.765656] .... node  #0, CPUs:      #1
[   22.826560] kvm-clock: cpu 1, msr 0:3ffe3041, secondary cpu clock
[   22.829116] mce: CPU supports 0 MCE banks
[   22.832170] x86: Booted up 1 node, 2 CPUs
[   22.872283] smpboot: Total of 2 processors activated (11599.99 BogoMIPS)
[   22.960298] devtmpfs: initialized
[   23.003020] evm: security.selinux
[   23.005323] evm: security.SMACK64
[   23.006440] evm: security.SMACK64EXEC
[   23.015950] evm: security.SMACK64TRANSMUTE
[   23.069323] evm: security.SMACK64MMAP
[   23.096206] evm: security.ima
[   23.140306] evm: security.capability
[   23.192343] clocksource: jiffies: mask: 0xffffffff max_cycles: 0xffffffff, max_idle_ns: 7645041785100000 ns
[   23.315314] futex hash table entries: 512 (order: 3, 32768 bytes)
[   23.389834] pinctrl core: initialized pinctrl subsystem
[   23.454996] RTC time: 17:18:44, date: 05/27/18
[   23.521329] NET: Registered protocol family 16
[   23.580749] cpuidle: using governor ladder
[   23.628405] cpuidle: using governor menu
[   23.640641] PCCT header not found.
[   23.660579] ACPI: bus type PCI registered
[   23.715208] acpiphp: ACPI Hot Plug PCI Controller Driver version: 0.5
[   23.756353] PCI: Using configuration type 1 for base access
[   23.842324] ACPI: Added _OSI(Module Device)
[   23.894575] ACPI: Added _OSI(Processor Device)
[   23.944858] ACPI: Added _OSI(3.0 _SCP Extensions)
[   24.013932] ACPI: Added _OSI(Processor Aggregator Device)
[   24.090435] ACPI: Executed 1 blocks of module-level executable AML code
[   24.167745] ACPI: Interpreter enabled
[   24.212701] ACPI: (supports S0 S5)
[   24.245156] ACPI: Using IOAPIC for interrupt routing
[   24.248012] PCI: Using host bridge windows from ACPI; if necessary, use "pci=nocrs" and report a bug
[   24.255010] ACPI: PCI Root Bridge [PCI0] (domain 0000 [bus 00-ff])
[   24.321951] acpi PNP0A03:00: _OSC: OS supports [ASPM ClockPM Segments MSI]
[   24.389006] acpi PNP0A03:00: _OSC: not requesting OS control; OS requires [ExtendedConfig ASPM ClockPM MSI]
[   24.505054] acpi PNP0A03:00: fail to add MMCONFIG information, can't access extended PCI configuration space under this bridge.
[   24.557639] PCI host bridge to bus 0000:00
[   24.558981] pci_bus 0000:00: root bus resource [io  0x0000-0x0cf7 window]
[   24.561097] pci_bus 0000:00: root bus resource [io  0x0d00-0xffff window]
[   24.563147] pci_bus 0000:00: root bus resource [mem 0x000a0000-0x000bffff window]
[   24.648401] pci_bus 0000:00: root bus resource [mem 0x40000000-0xfdffffff window]
[   24.687167] pci_bus 0000:00: root bus resource [bus 00-ff]
[   24.741115] pci 0000:00:01.1: legacy IDE quirk: reg 0x10: [io  0x01f0-0x01f7]
[   24.826737] pci 0000:00:01.1: legacy IDE quirk: reg 0x14: [io  0x03f6]
[   24.912387] pci 0000:00:01.1: legacy IDE quirk: reg 0x18: [io  0x0170-0x0177]
[   25.014460] pci 0000:00:01.1: legacy IDE quirk: reg 0x1c: [io  0x0376]
[   25.109774] pci 0000:00:07.0: quirk: [io  0x4000-0x403f] claimed by PIIX4 ACPI
[   25.201391] pci 0000:00:07.0: quirk: [io  0x4100-0x410f] claimed by PIIX4 SMB
[   25.248539] ACPI: PCI Interrupt Link [LNKA] (IRQs 5 9 10 *11)
[   25.296318] ACPI: PCI Interrupt Link [LNKB] (IRQs 5 9 *10 11)
[   25.371664] ACPI: PCI Interrupt Link [LNKC] (IRQs 5 *9 10 11)
[   25.414662] ACPI: PCI Interrupt Link [LNKD] (IRQs 5 9 10 *11)
[   25.421424] ACPI: Enabled 2 GPEs in block 00 to 07
[   25.484560] vgaarb: setting as boot device: PCI:0000:00:02.0
[   25.563666] vgaarb: device added: PCI:0000:00:02.0,decodes=io+mem,owns=io+mem,locks=none
[   25.652684] vgaarb: loaded
[   25.674225] vgaarb: bridge control possible 0000:00:02.0
[   25.751317] SCSI subsystem initialized
[   25.791944] ACPI: bus type USB registered
[   25.823096] usbcore: registered new interface driver usbfs
[   25.854726] usbcore: registered new interface driver hub
[   25.895433] usbcore: registered new device driver usb
[   25.969253] PCI: Using ACPI for IRQ routing
[   26.033743] NetLabel: Initializing
[   26.078149] NetLabel:  domain hash size = 128
[   26.129258] NetLabel:  protocols = UNLABELED CIPSOv4
[   26.198944] NetLabel:  unlabeled traffic allowed by default
[   26.253410] amd_nb: Cannot enumerate AMD northbridges
[   26.255069] clocksource: Switched to clocksource kvm-clock
[   6.51] pAorAprm FesteEnle
[ 26.822279] pnp: PnP ACPI init
[   26.910071] pnp: PnP ACPI: found 3 devices
[   26.994126] clocksource: acpi_pm: mask: 0xffffff max_cycles: 0xffffff, max_idle_ns: 2085701024 ns
[   27.062277] NET: Registered protocol family 2
[   27.063892] TCP established hash table entries: 8192 (order: 4, 65536 bytes)
[   27.115205] TCP bind hash table entries: 8192 (order: 5, 131072 bytes)
[   27.283354] TCP: Hash tables configured (established 8192 bind 8192)
[   27.291744] UDP hash table entries: 512 (order: 2, 16384 bytes)
[   27.374803] UDP-Lite hash table entries: 512 (order: 2, 16384 bytes)
[   27.478641] NET: Registered protocol family 1
[   27.547166] pci 0000:00:00.0: Limiting direct PCI/PCI transfers
[   27.675614] pci 0000:00:01.0: Activating ISA DMA hang workarounds
[   27.681469] Unpacking initramfs...
[   27.989058] Freeing initrd memory: 15360K
[   28.036734] RAPL PMU detected, API unit is 2^-32 Joules, 4 fixed counters 10737418240 ms ovfl timer
[   28.067216] hw unit of domain pp0-core 2^-0 Joules
[   28.081774] hw unit of domain package 2^-0 Joules
[   28.097317] hw unit of domain dram 2^-0 Joules
[   28.109192] hw unit of domain pp1-gpu 2^-0 Joules
[   2.1345 patorrtcm: gited atrmTCeve o P vi fnd
[ 289889] Scannig orowemy orptn er60ecds
[   291245ts Rined TSC clocksorccalibraon29.093 MHz
[   29.127648] clocksource: tsc: mask: 0xffffffffffffffff max_cycles: 0x29cd9b37a39, max_idle_ns: 440795311649 ns
[   30.268864] audit: initializing netlink subsys (disabled)
[   30.320021] audit: type=2000 audit(1527441510.479:1): initialized
[   30.396312] Initialise system trusted keyring
[   30.448638] HugeTLB registered 2 MB page size, pre-allocated 0 pages
[   30.552767] zbud: loaded
[   30.599273] VFS: Disk quotas dquot_6.6.0
[   30.667695] VFS: Dquotcae shab eris: 52 rd 0 4096 byes
[ 31.015]quhf: eron.0(29//3 Pllp ugr
[   1.1918] usint API versn 23

[   32.267594] Key type big_key registered
[   32.394665] Allocating IMA MOK and blacklist keyrings.
[   32.507053] Key type asymmetric registered
[   32.535988] Asymmetric key paaser 'x509' registered
[   32.560439] Block layer SCSI generic (bsg) driver version 0.4 loaded (major 249)
[   32.641230] io scheduler noop registered
[   32.733903] io scheduler deadline registered (default)
[   32.900162] io scheduler cfq registered
[   33.014285] pci_hotplug: PCI Hot Plug PCI Core version: 0.5
[   33.248167] pciehp: PCI Express Hot Plug Controller Driver version: 0.4
[   33.422321] ACPI: AC Adapter [AC] (off-line)
[   33.516748] input: Power Button as /devices/LNXSYSTM:00/LNXPWRBN:00/input/input0
[   33.613681] ACPI: Power Button [PWRF]
[   33.617113] input: Sleep Button as /devices/LNXSYSTM:00/LNXSLPBN:00/input/input1
[   33.632512] ACPI: Sleep Button [SLPF]
[   33.655571] GHES: HEST is not enabled!
[   33.657157] ACPI: Battery Slot [BAT0] (battery present)
[   33.694249] Serial: 8250/16550 driver, 32 ports, IRQ sharing enabled
ÿ[   33.845947] 00:02: ttyS0 at I/O 0x3f8 (irq = 4, base_baud = 115200) is a 16550A
[   33.947286] Linux agpgart interface v0.103
[   33.997978] loop: module loaded
[   34.094532] scsi host0: ata_piix
[   34.135845] scsi host1: ata_piix
[   34.189327] ata1: PATA max UDMA/33 cmd 0x1f0 ctl 0x3f6 bmdma 0xd000 irq 14
[   34.277292] ata2: PATA max UDMA/33 cmd 0x170 ctl 0x376 bmdma 0xd008 irq 15
[   34.330163] libphy: Fixed MDIO Bus: probed
[   34.333241] tun: Universal TUN/TAP device driver, 1.6
[   34.337290] tun: (C) 1999-2004 Max Krasnyansky <maxk@qualcomm.com>
[   34.339289] PPP generic driver version 2.4.2
[   34.340775] ehci_hcd: USB 2.0 'Enhanced' Host Controller (EHCI) Driver
[   34.344856] ehci-pci: EHCI PCI platform driver
[   34.425494] ehci-platform: EHCI generic platform driver
[   34.525309] ohci_hcd: USB 1.1 'Open' Host Controller (OHCI) Driver
[   34.565259] ohci-pci: OHCI PCI platform driver
[   34.694157] ohci-platform: OHCI generic platform driver
[   34.750068] uhci_hcd: USB Universal Host Controller Interface driver
[   34.776422] i8042: PNP: PS/2 Controller [PNP0303:PS2K,PNP0f03:PS2M] at 0x60,0x64 irq 111
[   34.885026] serio: i8042 KBD port at 0x60,0x64 irq 1
[   35.034290] serio: i8042 AUX port at 0x60,0x64 irq 12
[   35.036096] mousedev: PS/2 mouse device common for all mice
[   35.066009] rtc_cmos rtc_cmos: rtc core: registered rtc_cmos as rtc0
[   35.226227] rtc_cmos rtc_cmos: alarms up to one day, 114 bytes nvram
[   35.374097] i2c /dev entries driver
[   35.484398] input: AT Translated Set 2 keyboard as /devices/platform/i8042/serio0/input/input2
[   35.798030] device-mapper: uevent: version 1.0.3
[   35.801493] device-mapper: ioctl: 4.34.0-ioctl (2015-10-28) initialised: dm-devel@redhat.com
[   35.804223] ledtrig-cpu: registered to indicate activity on CPUs
[   35.806565] NET: Registered protocol family 10
[   35.818160] NET: Registered protocol family 17
[   35.844466] Key type dns_resolver registered
[   35.862742] registered taskstats version 1
[   35.874577] Loading compiled-in X.509 certificates
[   35.891468] Loaded X.509 cert 'Build time autogenerated kernel key: 9f6f572a3ee0cb468eb8db4aa61815bc74ef6adb'
[   36.025439] zswap: loaded using pool lzo/zbud
[   36.116416] Key type trusted registered
[   36.202603] Key type encrypted registered
[   36.279047] AppArmor: AppArmor sha1 policy hashing enabled
[   36.372651] ima: No TPM chip found, activating TPM-bypass!
[   36.473905] evm: HMAC attrs: 0x1
[   36.535177]   Magic number: 2:99:341
[   36.625217] rtc_cmos rtc_cmos: setting system clock to 2018-05-27 17:18:57 UTC (1527441537)
[   36.715404] BIOS EDD facility v0.16 2004-Jun-25, 0 devices found
[   36.854215] EDD information not available.
[   36.925918] Freeing unused kernel memory: 1512K
[   36.951616] Write protecting the kernel read-only data: 14336k
[   36.982449] Freeing unused kernel memory: 1692K
[   37.004230] Freeing unused kernel memory: 96K
Loading, please [   37.040205] random: systemd-udevd: uninitialized urandom read (16 bytes read, 7 bits of entropy available)
wait...
startin[   37.040699] random: udevadm: uninitialized urandom read (16 bytes read, 7 bits of entropy available)
g version 229
[   37.040716] random: udevadm: uninitialized urandom read (16 bytes read, 7 bits of entropy available)
[   37.048255] random: udevadm: uninitialized urandom read (16 bytes read, 7 bits of entropy available)
[   37.048294] random: udevadm: uninitialized urandom read (16 bytes read, 7 bits of entropy available)
[   37.048405] random: udevadm: uninitialized urandom read (16 bytes read, 7 bits of entropy available)
[   37.048449] random: udevadm: uninitialized urandom read (16 bytes read, 7 bits of entropy available)
[   37.048504] random: udevadm: uninitialized urandom read (16 bytes read, 7 bits of entropy available)
[   37.048546] random: udevadm: uninitialized urandom read (16 bytes read, 7 bits of entropy available)
[   37.048584] random: udevadm: uninitialized urandom read (16 bytes read, 7 bits of entropy available)
[   37.744014] e1000: Intel(R) PRO/1000 Network Driver - version 7.3.21-k8-NAPI
[   37.749284] e1000: Copyright (c) 1999-2006 Intel Corporation.
[   37.755422] Fusion MPT base driver 3.04.20
[   37.765860] Copyright (c) 1999-2008 LSI Corporation
[   37.774482] Fusion MPT SPI Host driver 3.04.20
[   37.793143] AVX2 version of gcm_enc/dec engaged.
[   37.821260] AES CTR mode by8 optimization enabled
[   37.990196] input: ImExPS/2 Generic Explorer Mouse as /devices/platform/i8042/serio1/input/input4
[   38.168094] e1000 0000:00:03.0 eth0: (PCI:33MHz:32-bit) 02:17:54:81:c3:1e
[   39.561686] e1000 0000:00:03.0 eth0: Intel(R) PRO/1000 Network Connection
[   39.640665] mptbase: ioc0: Initiating bringup
[   39.640987] e1000 0000:00:03.0 enp0s3: renamed from eth0
[   39.879877] ioc0: LSI53C1030 A0: Capabilities={Initiator}
[   40.086550] scsi host2: ioc0: LSI53C1030 A0, FwRev=00000000h, Ports=1, MaxQ=256, IRQ=20
[   40.373330] scsi 2:0:0:0: Direct-Access     VBOX     HARDDISK         1.0  PQ: 0 ANSI: 5
[   40.644025] scsi target2:0:0: Beginning Domain Validation
[   40.653255] scsi target2:0:0: Domain Validation skipping write tests
[   41.581463] scsi target2:0:0: Ending Domain Validation
[   41.644371] scsi target2:0:0: asynchronous
[   41.666148] scsi 2:0:1:0: Direct-Access     VBOX     HARDDISK         1.0  PQ: 0 ANSI: 5
[   41.683696] scsi target2:0:1: Beginning Domain Validation
[   41.846023] scsi target2:0:1: Domain Validation skipping write tests
[   41.900063] scsi target2:0:1: Ending Domain Validation
[   41.901915] scsi target2:0:1: asynchronous
[   41.994781] sd 2:0:0:0: Attached scsi generic sg0 type 0
[   42.080901] sd 2:0:0:0: [sda] 20971520 512-byte logical blocks: (10.7 GB/10.0 GiB)
[   42.092165] sd 2:0:1:0: [sdb] 20480 512-byte logical blocks: (10.5 MB/10.0 MiB)
[   42.092683] sd 2:0:1:0: [sdb] Write Protect is off
[   42.092871] sd 2:0:1:0: [sdb] Incomplete mode parameter data
[   42.092873] sd 2:0:1:0: [sdb] Assuming drive cache: write through
[   42.159620] sd 2:0:1:0: Attached scsi generic sg1 type 0
[   42.162535] sd 2:0:1:0: [sdb] Attached SCSI disk
[   42.249823] sd 2:0:0:0: [sda] Write Protect is off
[   42.273076] sd 2:0:0:0: [sda] Incomplete mode parameter data
[   42.366907] sd 2:0:0:0: [sda] Assuming drive cache: write through
[   42.457860]  sda: sda1
[   42.461032] sd 2:0:0:0: [sda] Attached SCSI disk
Begin: Loading e[   43.882721] md: linear personality registered for level -1
ssential drivers ... [   43.916427] md: multipath personality registered for level -4
[   44.006740] md: raid0 personality registered for level 0
[   44.054697] md: raid1 personality registered for level 1
[   44.176450] raid6: sse2x1   gen() 10666 MB/s
[   44.323341] raid6: sse2x1   xor()  8137 MB/s
[   44.474515] raid6: sse2x2   gen() 13119 MB/s
[   44.555946] raid6: sse2x2   xor()  8444 MB/s
[   44.659243] raid6: sse2x4   gen() 14848 MB/s
[   44.787147] raid6: sse2x4   xor()  2332 MB/s
[   44.951265] raid6: avx2x1   gen() 19782 MB/s
[   45.071414] raid6: avx2x2   gen() 23349 MB/s
[   45.191223] raid6: avx2x4   gen() 26314 MB/s
[   45.271166] raid6: using algorithm avx2x4 gen() 26314 MB/s
[   45.297008] raid6: using avx2x2 recovery algorithm
[   45.300135] xor: automatically using best checksumming function:
[   45.363333]    avx       : 22219.000 MB/sec
[   45.423130] async_tx: api initialized (async)
[   45.486499] md: raid6 personality registered for level 6
[   45.497200] md: raid5 personality registered for level 5
[   45.514844] md: raid4 personality registered for level 4
[   45.578200] md: raid10 personality registered for level 10
done.
Begin: Running /scripts/init-p[   45.751406] Btrfs loaded
remount ... done.
Begin: Mounting root file system ... Begin: Running /scripts/local-top ... done.
Begin: Running /scripts/local-premount ... Scanning for Btr[   45.893313] EXT4-fs (sda1): mounted filesystem with ordered data mode. Opts: (null)
fs filesystems
done.
Warning: fsck not present, so skipping root file system
done.
Begin: Running /scripts/local-bottom ... done.
Begin: Running /scripts/init-bottom ... done.
[   46.054661] systemd[1]: systemd 229 running in system mode. (+PAM +AUDIT +SELINUX +IMA +APPARMOR +SMACK +SYSVINIT +UTMP +LIBCRYPTSETUP +GCRYPT +GNUTLS +ACL +XZ -LZ4 +SECCOMP +BLKID +ELFUTILS +KMOD -IDN)
[   46.282973] systemd[1]: Detected virtualization oracle.
[   46.334204] systemd[1]: Detected architecture x86-64.

Welcome to [1mUbuntu 16.04.4 LTS[0m!

[   46.352150] systemd[1]: Set hostname to <ubuntu-xenial>.
[   46.661205] systemd[1]: Reached target User and Gruup Name Lookups.
[[0;32m  OK  [0m] Reached target User and Group Name Lookups.
[   66.881394] systemd[1]: Created slice System Slice.
[[0;32m  OK  [0m] Created slice System Slice.
[   46.965530] systemd[1]: Listening on udev Kernel Socket.
[[0;32m  OK  [0m] Listening on udev Kernel Socket.
[   47.003586] systemd[1]: Listening on /dev/initctl Compatibility Named Pipe.
[[0;32m  OK  [0m] Listening on /dev/initctl Compatibility Named Pipe.
[   47.228014] systemd[1]: Reached target Swap.
[[0;32m  OK  [0m] Reached target Swap.
[   47.431738] systemd[1]: Listening on Journal Socket.
[[0;32m  OK  [0m] Listening on Journal Socket.
[   47.571770] systemd[1]: Starting Set console keymap...
[   47.573209] random: nonblocking pool is initialized
         Starting Set console keymap...
[   47.772111] systemd[1]: Starting Uncomplicated firewall...
         Starting Uncomplicated firewall...
[   47.943750] systemd[1]: Starting Create list of required static device nodes for the current kernel...
         Starting Create list of required st... nodes for the current kernel...
[   48.087489] systemd[1]: Starting Nameserver information manager...
         Starting Nameserver information manager...
[   48.135543] systemd[1]: Mounting POSIX Message Queue File System...
         Mounting POSIX Message Queue File System...
[   48.279760] yystemd[1]: Starting Remount Root and Kernel File Systems...
[   48.283829] EXT4-fs (sda1): re-mounted. Opts: (null)
         Starting Remount Root and Kernel File Systems...
[   48.603732] systemd[1]: Started Trigger resolvconf update for networkd DNS.
[[0;32m  OK  [0m] Started Trigger resolvconf update for networkd DNS.
[   88.755609] systemd[1]: Reached target System Time Synchronized.
[[0;32m  OK  [0m] Reached target System Time Synchronized.
[   48.980405] systemd[1]: Reached target Encrypted Volumes
[[0;32m  OK  [0m] Reached target Encrypted Volumes.
[   49.183660] systemd[1]: Listening on Syslog Socket.
[[0;32m  OK  [0m] Listening on Syslog Socket.
[   49.247402] systemd[1]: Mounting Debug File System...
         Mounting Debug File System...
[   49.257825] systemd[1]: Started Forward Password Requests to Wall Directory Watch.
[[0;32m  OK  [0m] Started Forward Password Requests to Wall Directory Watch.
[   49.264040] systemd[1]: Created slice User and Session Slice.
[[0;32m  OK  [0m] Created slice User and Session Slice.
[   99.400050] systemd[1]: Listening on LVM2 metadata daemon socket.
[[0;32m  OK  [0m] Listening on LVM2 metadata daemon socket.
[   49.568303] systemd[1]: Listening on Journal Audit Socket.
[[0;32m  OK  [0m] Listening on Journal Audit Socket.
[   49.723630] systemd[1]: Reached target Slices.
[[0;32m  OK  [0m] Reached target Slices.
[   49.916826] systemd[1]: Listening on Device-mapper event daemon FIFOs.
[[0;32m  OK  [0m] Listening on Device-mapper event daemon FIFOs.
[   50.119856] systemd[1]: Starting Monitoring of LVM2 mirrors, snapshots etc. using dmeventd or progress polling...
         Starting Monitoring of LVM2 mirrors... dmeventd or progress polling...
[   50.254272] systemd[1]: Listening on Journal Socket (/dev/log).
[[0;32m  OK  [0m] Listening on Journal Socket (/dev/log).
[   50.295611] systemd[1]: Starting Journal Service...
         Starting Journal Service...
[   50.391868] systemd[1]: Mounting Huge Pages File System...
         Mounting Huge Pages File System...
[   50.455597] systemd[1]: Listening on udev Control Socket.
[[0;32m  OK  [0m] Listening on udev Control Socket.
[   50.612629] systemd[1]: Set up automount Arbitrary Executable File Formats File System Automount Point.
[[0;32m  OK  [0m] Set up automount Arbitrary Executab...ats File System Automount Point.
[   50.954336] systemd[1]: Listening on LVM2 poll daemon socket.
[[0;32m  OK  [0m] Listening on LVM2 poll daemon socket.
[   51.055831] systemd[1]: Created slice system-serial\x2dgetty.slice.
[[0;32m  OK  [0m] Created slice system-serial\x2dgetty.slice.
[   51.127986] systemd[1]: Starting Load Kernel Modules...
[   511525LoiniSCSI transprtclss2.87
         Startin[   51.597226] iscsi: registered transport (tcp)
g Load Kernel Modules...
[   51.670007] iscsi: registered transport (iser)
[   52.393086] systemd[1]: Mounted Huge Pages File System.
[[0;32m  OK  [0m] Mounted Huge Pages File System.
[   52.479699] systemd[1]: Mounted Debug File System.
[[0;32m  OK  [0m] Mounted Debug File System.
[   52.513512] systemd[1]: Mounted POSIX Message Queue File System.
[[0;32m  OK  [0m] Mounted POSIX Message Queue File System.
[   52.565936] systemd[1]: Started Journal Service.
[[0;32m  OK  [0m] Started Journal Service.
[[0;32m  OK  [0m] Started Set console keymap.
[[0;32m  OK  [0m] Started Uncomplicated firewall.
[[0;32m  OK  [0m] Started Create list of required sta...ce nodes for the current kernel.
[[0;32m  OK  [0m] Started Remount Root and Kernel File Systems.
[[0;32m  OK  [0m] Started Load Kernel Modules.
[[0;32m  OK  [0m] Started Nameserver information manager.
[[0;32m  OK  [0m] Started LVM2 metadata daemon.
         Starting Apply Kernel Variables...
         Mounting FUSE Control File System...
         Starting udev Coldplug all Devices...
         Starting Load/Save Random Seed...
         Starting Create Static Device Nodes in /dev...
         Starting Flush Journal to Persistent Storage...
[[0;32m  OK  [0m] Mounted FUSE Control File System.
[[0;32m  OK  [0m] Started Monitoring of LVM2 mirrors,...ng dmeventd or progress polling.
[[0;32m  OK  [0m] Started Apply Kernel Variables.
[[0;32m  OK  [0m] Started Load/Save Random Seed.
[[0;32m  OK  [0m] Started Create Static Device Nodes in /dev.
[[0;32m  OK  [0m] Started udev Coldplug all Devices.
[[0;32m  OK  [0m] Started Flush Journal to Persistent Storage.
         Starting udev Kernel Device Manager...
[[0;32m  OK  [0m] Started udev Kernel Device Manager.
[[0;32m  OK  [0m] Reached target Local File Systems (Pre).
[[0;32m  OK  [0m] Reached target Local File Systems.
         Starting Set console font and keymap...
         Starting Tell Plymouth To Write Out Runtime Data...
         Starting LSB: AppArmor initialization...
         Starting Create Volatile Files and Directories...
         Starting Initial cloud-init job (pre-networking)...
[[0;32m  OK  [0m] Started Dispatch Password Requests to Console Directory Watch.
[[0;32m  OK  [0m] Started Tell Plymouth To Write Out Runtime Data.
[[0;32m  OK  [0m] Started Create Volatile Files and Directories.
[[0;32m  OK  [0m] Started Set console font and keymap.
[[0;32m  OK  [0m] Found device /dev/ttyS0.
[[0;32m  OK  [0m] Listening on Load/Save RF Kill Switch Status /dev/rfkill Watch.
[[0;32m  OK  [0m] Created slice system-getty.slice.
         Starting Update UTMP about System Boot/Shutdown...
[[0;32m  OK  [0m] Started LSB: AppArmor initialization.
[   29.876761] cloud-init[574]: Cloud-init v. 18.2 running 'init-local' at Sun, 27 May 2018 17:19:16 +0000. Up 29.55 seconds.
[[0;32m  OK  [0m] Started Initial cloud-init job (pre-networking).
[[0;32m  OK  [0m] Found device 82540EM Gigabit Ethern...r (PRO/1000 MT Desktop Adapter).
[[0;32m  OK  [0m] Reached target Network (Pre).
[[0;32m  OK  [0m] Started ifup for enp0s3.
         Starting Raise network interfaces...
[[0;32m  OK  [0m] Started Update UTMP about System Boot/Shutdown.
[[0;32m  OK  [0m] Started Raise network interfaces.
[[0;32m  OK  [0m] Reached target Network.
         Starting Initial cloud-init job (metadata service crawler)...
[   31.022673] cloud-init[983]: Cloud-init v. 18.2 running 'init' at Sun, 27 May 2018 17:19:17 +0000. Up 30.74 seconds.
[[0;32m  OK  [0m] Started Initial cloud-init job (metadata service crawler).
[[   31.155538] cloud-init[983]: ci-info: +++++++++++++++++++++++++++++++++++++Net device info++++++++++++++++++++++++++++++++++++++
[   31.234337] cloud-init[983]: ci-info: +--------+------+----------------------------+---------------+-------+-------------------+
[0;32m  OK  [0m] Reached target Cloud-config availability.
[[   31.234517] cloud-init[983]: ci-info: | Device |  Up  |          Address           |      Mask     | Scope |     Hw-Address    |
[0;32m  OK  [0m] Reached target Network is Online.
[   31.510333] cloud-init[983]: ci-info: +--------+------+----------------------------+---------------+-------+-------------------+
         [   31.661053] Starting iSCSI initiator daemon (iscsid)...cloud-init
[983]: ci-info: | enp0s3 | True |         10.0.2.15          | 255.255.255.0 |   .   | 02:17:54:81:c3:1e |
[   31.662330] cloud-init[983]: ci-info: | enp0s3 | True | fe80::17:54ff:fe81:c31e/64 |       .       |  link | 02:17:54:81:c3:1e |
[[0;32m  OK  [0m] Reached target System Initialization.
[   31.757142] cloud-init[983]: ci-info: |   lo   | True |         127.0.0.1          |   255.0.0.0   |   .   |         .         |
[   31.907712] cloud-init[983]: ci-info: |   lo   | True |          ::1/128           |       .       |  host |         .         |
[   31.908264] cloud-init[983]: ci-info: +--------+------+----------------------------+---------------+-------+-------------------+
         Starting LXD - unix socket.
[   31.908605] cloud-init[983]: ci-info: +++++++++++++++++++++++++++Route IPv4 info++++++++++++++++++++++++++++
[[0;32m  OK  [0m] Listening on D-Bus System Message Bus Socket.
[   32.113176] cloud-init[983]: ci-info: +-------+-------------+----------+---------------+-----------+-------+
[   32.241022] cloud-init[983]: ci-info: | Route | Destination | Gateway  |    Genmask    | Interface | Flags |
[   32.241960] cloud-init[983]: ci-info: +-------+-------------+----------+---------------+-----------+-------+
[[0;32m  OK  [0m] Listening on UUID daemon activation socket.
[[   32.242671] cloud-init[983]: ci-info: |   0   |   0.0.0.0   | 10.0.2.2 |    0.0.0.0    |   enp0s3  |   UG  |
[   32.497661] cloud-init[983]: ci-info: |   1   |   10.0.2.0  | 0.0.0.0  | 255.255.255.0 |   enp0s3  |   U   |
[0;32m  OK  [0m] Started Daily apt download activities.
[   32.498101] cloud-init[983]: ci-info: +-------+-------------+----------+---------------+-----------+-------+
[[0;32m  OK  [0m] Started Daily apt upgrade and clean activities.
         Starting Socket activation for snappy daemon.
[[0;32m  OK  [0m] Listening on ACPID Listen Socket.
[[0;32m  OK  [0m] Started ACPI Events Check.
[[0;32m  OK  [0m] Reached target Paths.
[[0;32m  OK  [0m] Started Daily Cleanup of Temporary Directories.
[[0;32m  OK  [0m] Reached target Timers.
[[0;32m  OK  [0m] Listening on LXD - unix socket.
[[0;32m  OK  [0m] Listening on Socket activation for snappy daemon.
[[0;32m  OK  [0m] Started iSCSI initiator daemon (iscsid).
         Starting Login to default iSCSI targets...
[[0;32m  OK  [0m] Reached target Sockets.
[[0;32m  OK  [0m] Reached target Basic System.
         Starting Virtualbox guest utils...
         Starting LSB: MD monitoring daemon...
         Starting System Logging Service...
         Starting LXD - container startup/shutdown...
         Starting Apply the settings specified in cloud-config...
         Starting Login Service...
[[0;32m  OK  [0m] Started D-Bus System Message Bus.
[[0;32m  OK  [0m] Started Regular background program processing daemon.
[[0;32m  OK  [0m] Started FUSE filesystem for LXC.
[[0;32m  OK  [0m] Started Deferred execution scheduler.
         Starting OpenBSD Secure Shell server...
         Starting Accounts Service...
         Starting Snappy daemon...
         Starting LSB: Record successful boot for GRUB...
         Starting /etc/rc.local Compatibility...
[[0;32m  OK  [0m] Started ACPI event daemon.
[[0;32m  OK  [0m] Started Unattended Upgrades Shutdown.
[[0;32m  OK  [0m] Started System Logging Service.
[[0;32m  OK  [0m] Started OpenBSD Secure Shell server.
[[0;32m  OK  [0m] Started LXD - container startup/shutdown.
[[0;32m  OK  [0m] Started /etc/rc.local Compatibility.
[[0;32m  OK  [0m] Started Snappy daemon.
[[0;32m  OK  [0m] Started Login to default iSCSI targets.
[[0;32m  OK  [0m] Started LSB: MD monitoring daemon.
[[0;32m  OK  [0m] Started Virtualbox guest utils.
[[0;32m  OK  [0m] Started LSB: Record successful boot for GRUB.
         Starting Authenticate and Authorize Users to Run Privileged Tasks...
[[0;32m  OK  [0m] Reached target Remote File Systems (Pre).
[[0;32m  OK  [0m] Reached target Remote File Systems.
         Starting Permit User Sessions...
         Starting LSB: Set the CPU Frequency Scaling governor to "ondemand"...
         Starting LSB: automatic crash report generation...
         Starting LSB: daemon to balance interrupts for SMP systems...
[[0;32m  OK  [0m] Started Permit User Sessions.
[[0;32m  OK  [0m] Started Login Service.
[[0;32m  OK  [0m] Started Authenticate and Authorize Users to Run Privileged Tasks.
[[0;32m  OK  [0m] Started Accounts Service.
[   35.026498] cloud-init[1056]: Cloud-init v. 18.2 running 'modules:config' at Sun, 27 May 2018 17:19:21 +0000. Up 34.63 seconds.
[[0;32m  OK  [0m] Started Apply the settings specified in cloud-config.
[[0;32m  OK  [0m] Started LSB: Set the CPU Frequency Scaling governor to "ondemand".
[[0;32m  OK  [0m] Created slice User Slice of vagrant.
         Starting User Manager for UID 1000...
[[0;32m  OK  [0m] Started Session 1 of user vagrant.
         Starting Hold until boot process finishes up...
         Starting Terminate Plymouth Boot Screen...
[[0;32m  OK  [0m] Started User Manager for UID 1000.
[[0;32m  OK  [0m] Started LSB: automatic crash report generation.
[[0;32m  OK  [0m] Started LSB: daemon to balance interrupts for SMP systems.
[[0;32m  OK  [0m] Started Hold until boot process finishes up.
[[0;32m  OK  [0m] Started Terminate Plymouth Boot Screen.
[[0;32m  OK  [0m] Started Serial Getty on ttyS0.
[[0;32m  OK  [0m] Started Getty on tty1.
[[0;32m  OK  [0m] Reached target Login Prompts.
         Starting Set console scheme...
[[0;32m  OK  [0m] Reached target Multi-User System.
[[0;32m  OK  [0m] Reached target Graphical Interface.
         Starting Execute cloud user/final scripts...
         Starting Update UTMP about System Runlevel Changes...
[[0;32m  OK  [0m] Started Set console scheme.
[[0;32m  OK  [0m] Started Update UTMP about System Runlevel Changes.
[   36.381303] cloud-init[1224]: Cloud-init v. 18.2 running 'modules:final' at Sun, 27 May 2018 17:19:22 +0000. Up 36.17 seconds.
[   36.472526] cloud-init[1224]: Cloud-init v. 18.2 finished at Sun, 27 May 2018 17:19:22 +0000. Datasource DataSourceNoCloud [seed=/dev/sdb][dsmode=net].  Up 36.36 seconds
[[0;32m  OK  [0m] Started Execute cloud user/final scripts.
[[0;32m  OK  [0m] Reached target Cloud-init target.
