[    0.000] Inialing cgroup subsys cpuset
[  00000 Itialzig roup sbs cu
  0.00000] Initilingcgoususys cpcc
[    .000] Liuxerio 4.0122-gneric(buiddcy1-am6405 (ccersion .40 20160609 (Ubunu 5.4.0-6unu1~1.09)) #6-untu SP n pr 23 5::04 UT 28 Ubnt4..0-12214geeric 4.417)
[  000000] omnd lin: OTIME=oot/vmin-44.0-2-neric oo=UUID=8c44e-697-8c-9e6b-5bd561b5 r csoe=tty1 console=ttyS0
  0.0000 KRNEL suprt cpus:
[   .00000  ntl nuneInt
   0.000   AD utnticAM
  0.0000  Centr ntaurHul
[   0.0000] x8fp xstteoffet[2]: 57 xstteizs[2]:25
[    .000] x86/puSupprtg SAVE eare0x01:'x foainpont registes'[[   0.000]x8fp: Suppti XSAVE atre 0x0: SEregiser
    0.000]x86/u:upporting XSAVE ftue x0: AVX reisers'
[    0.000000] x86/fpu: Enabled xstate features 0x7, context size is 832 bytes, using 'standard' format.
[    0.000000] x86/fpu: Using 'lazy' FPU context switches.
[    0.000000] e820: BIOS-provided phyic RAM p:
[  .00000 BS-820 [m x00000000000-0000000000fbf]sabl
  0.000000 BS-820:[m 000000009fc-00000000ffff] reerd
[   .0000 BS-e820:[m 000000000f00-00000000fffff]esved[  0.000] IO-e0:[mem 0000001000-0x000003ffeff uable
  0.00000]BI-e820: [me0x000000ff00-000000003ffffffACI at
   0.0000]IOS-e8: em 0x00000fe0000-0x0000fec0ffreservd[   0.0000BI-e820: [me 0000000e000-0x000000ee00ff rerved   0.000] IO-e0: [mem 0x0000fff00-000000fffff rserved[   0.0000 NX xete Dsale) ottion: acve
[    0.000000] SMBIOS 2.5 present.
[    0.000000] Hypervisor detected: KM[    .0000] e820: lt_n = 3f0 max_rc_p = 0400000
  0.0000MTR: Disbl
    0.000] x86/PAT MRRdibled, skipping T itiaizio too.
[    0.000000] CPU MTRRs all blank - virtualized system.
[    0.000000] x86/PAT: Configuration [0-7]: WB  WT  UC- UC  WB  WT  UC- UC  
[    0.000000] found SMP MP-table at [mem 0x0009ff0x000ff] appeatffff800009fff0]
[  0.0000] anin 1res for w mory crrtin
[   00000 RDIK: [emx31f000-x3f0ff]    0.000]ACPIEay tablchksumerication disable
   0.000] CP: DP 000000000E000 00 (v02BOX  )[   0.000]ACPI:XS 0000000FF000 00C (v01 VBOX  BOXST 000001 A  000061
  0.0000 API FP x00000FFF00F 00F (v0 VX  VBOXFCP000001AS 0000061)[   0.00] ACPI DT x0000003FFF0470 0021F (v0 VOX  OXIOS00002 INTL200028
[   .00000] CP FCS 0x000000003FFF0200 000040
[    0.000000] ACPI: FACS 0x00000FF20 0000[   0.000] API AC 0x00003FF02 0005C (v02 VB  VBXAPI 00001 ASL 00001)
[   .00000ACI:SD 0x000003FFF00 0001CCv0VBOX  VBCPUT 00002INL 10528)
[  0.0000] o MA cnfurtionfod
[  .00000] akg  ndet memx0000000000-0x00003ffeff
    00000 NOD_DA() alcad [mm 3feb00-03ffeffff]
[    .0000]kvclck: Usin ms b564d01 and 4b6400
[   00000 k-clock: cp0,ms 0:fe01, primy u clock
[    00000] kvm-clock: uinsced oseof 394381 cycls    .000] cckurce: kvm-cckmask 0ffffffffffff x_cycles: 0x1cd42e4dffb, max_idle_nns: 8150591483 ns
[   .000] one rage
    0.0000  DMA   [mm 00000000000-x0000000ffff
[   00000  A32   [m 000000000100000-000000ffff]
[    0.0000  Noma   emty
[  00000] Deice emty
[   0.00000] vae zoe ar foracnode
[   0.0000] ar mmory ndeanges[  0.000]  nod   [mem x00000000010-x000000000009efff]
[    0.000000]   node   0: [mem 0x0000000000100000-0x000000003ffeffff]
[    0.000000] Initmem setup node 0 [mem 0x0000000000001000-0x000000003ffeffff]
[    0.000000] ACPI: PM-Timer IO Por 04008[   0.000]IOAPIC[0]: aicd , verio32 adrs xfec0000GSI 0-3[    000000] APIIN_SC_R bus  b_iq 0 ob_irq 2flfl)
[   000000]AC: INSROVR (bs bu_irq9 lol_ir 9owleve
   0.00000] in ACPI(MT)fo SMP cofiration inortin
[  00000] pbot: Alowg 2 CUs 0 hotplugCP
    0000] PMResterd sae emy:[mem 000000-x000ff]   0.000] M: Rgierd nosae mory:[m 00009f000x009fff]
[   .0000]M: Risred noavmeory: [m 000000-x000efff
[    0.0000] PM: Reisered nosveemry:me0x000000x000fff
    0000] e820: em0x40000000xebfffff] avaabe for I vices
[  000000] Bootng parviualiz krnl on VM
[  0.000 cloksur: rein-jffie: sk 0xfffffmax_yces 0xfffffff mx_ide_: 64551001168s
[   .0000]sep_erpu NCPUS:512 n_cmak_bis:2 r_puid2 nr_ndeid1
[    0.000]PERCPU Eeded34ags/cpu ff8803c000s99544 r812 158 u185
[    00000] PV qspinlock hash table entries: 256 (order: 0, 409 btes
    0.0000] ilt 1 zelts in Node rd, mobitygrouping on.  Total page 2791
[  0.00000] Poli zne: DMA2    0.0000 Kernel command line: BOOT_IMAGE=/boot/vmlinuz-4.4.0-122-generic root=UUID=08cdc44e-6947-4c8c-9e6b-f5b15d5361b5 ro console=tty1 coolttyS0[   0.0000] ID ha tle entrie 46 (ode 3 32768 bytes)
[    000000] Memory99168K/10810Kavailbl (852Kkernl de 1313 rwta 3996K rodata 18Kint,31K bs,092K rerv, 0Kcmreerved
  0.000000 SB: HWig64, Orde=0, Minbjts0, CUs, odes=1[  0.000] ernel/User page tbl iolti: nabld    .0000] HierarchialRCU implemntion.
[  000000] Bud-timeadsten olef fanuto 4.
[  000000 	U estrctg PUs roNRCPUS=12o r_cu_s=.
[   0.000]RC Ajustig omtry f r_fanoutea=64,nrpuids=2
[   .0000] NR_IRQS:33024 nr_irqs:440 6    00000 Conol clour VG+ x2
[   0.000] console [tty1]enabld[    0.00000] onle [ttS0enbled
[    0.000000] tsc: Detected 2899.998 MHz processor
[   24.571014] Calibrating delay loop (skipped) preset value.. 5799.99 BogoMIPS (lpj=11599992)
[   24.573801] pid_max: default: 32768 minimum: 301
[  2.55426] ACPI: Core revision 20150930
[   24.667839] ACPI: 2 ACPI AML tables successfully acquired and loaded
[   24.690486] Security Framework initialized
[   24.691471] Yama: becoming mindful.
[   24.692353] AppArmor: AppArmor initialized
[   24.693436] Dentry cache hash table entriess 131072 (order: 8, 1048576 bytes)
[   24.802949] Inode-cache hash table entries: 65536 (order: 7, 524288 bytes)
[   24.898201] Mount-cache hash table entries: 2048 (order: 2, 16384 bytes)
[   25.019284] Mountpoint-cache hash table entries: 2048 (order: 2, 16384 bytes)
[   25.055759] Initializing cgroup subsys io
[   25.057078] Initializing cgroup subsys memory
[   25.086415] Initializing cgroup subsys devices
[   25.150052] Initializing cgroup subsys freezer
[   25.183030] Initializing cgroup subsys net_cls
[   25.210137] Initializing cgroup subsys perf_event
[   25.283345] Initializing cgroup subsys net_prio
[   25.372674] Initializing cgroup subsys hugetlb
[   25.451073] Initializing cgroup subsys pids
[   25.531177] CPU: Physical Processor ID: 0
[   25.602688] CPU: Processor Core ID: 0
[   25.648198] FEATURE SPEC_CTRL Not Present
[   25.716922] mce: CPU supports 0 MCE banks
[   25.782523] Last level iTLB entries: 4KB 64, 2MB 8, 4MB 8
[   25.882474] Last level dTLB entries: 4KB 64, 2MB 0, 4MB 0, 1GB 4
[   25.974483] Spectre V2 mitigation: Mitigation: Full generic retpoline
[   26.062536] Spectre V2 mitigation: Speculation control IBPB not-supported IBRS not-supported
[   26.151208] Freeing SMP alternatives memory: 32K
[   26.165621] ftrace: allocating 32202 entries in 126 pages
[   26.325468] smpboot: APIC(0) Converting physical 0 to logical package 0
[   26.410834] smpboot: Max logical packages: 1
[   26.429438] x2apic enabled
[   26.482930] Switched APIC routing to physical x2apic.
[   26.569229] ..TIMER: vector=0x30 apic1=0 pin1=2 apic2=-1 pin2=-1
[   26.678379] smpboot: CPU0: Intel(R) Core(TM) i5-5287U CPU @ 2.90GHz (family: 0x6, model: 0x3d, stepping: 0x4)
[   26.756383] Performance Events: unsupported p6 CPU model 61 no PMU driver, software events only.
[   26.826875] KVM setup paravirtual spinlock
[   26.878463] x86: Booting SMP configuration:
[   26.880993] .... node  #0, CPUs:      #1
[   26.900853] kvm-clock: cpu 1, msr 0:3ffe3041, secondary cpu clock
[   26.940221] mce: CPU supports 0 MCE banks
[   26.987033] x86: Booted up 1 node, 2 CPUs
[   27.011822] smpboot: Total of 2 processors activated (11599.99 BogoMIPS)
[   27.020300] devtmpfs: initialized
[   27.047291] evm: security.selinux
[   27.060152] evm: security.SMACK64
[   27.077392] evm: security.SMACK64EXEC
[   27.122772] evm: security.SMACK64TRANSMUTE
[   27.183561] evm: security.SMACK64MMAP
[   27.220007] evm: security.ima
[   27.226947] evm: security.capability
[   27.240672] clocksource: jiffies: mask: 0xffffffff max_cycles: 0xffffffff, max_idle_ns: 7645041785100000 ns
[   27.342420] futex hash table entries: 512 (order: 3, 32768 bytes)
[   27.351464] pinctrl core: initialized pinctrl subsystem
[   27.372241] RTC time: 18:39:13, date: 05/25/18
[   27.400001] NET: Registered protocol family 16
[   27.439106] cpuidle: using governor ladder
[   27.495935] cpuidle: using governor menu
[   27.525643] PCCT header not found.
[   27.556091] ACPI: bus type PCI registered
[   27.598635] acpiphp: ACPI Hot Plug PCI Controller Driver version: 0.5
[   27.666856] PCI: Using configuration type 1 for base access
[   27.748036] ACPI: Added _OSI(Module Device)
[   27.785718] ACPI: Added _OSI(Processor Device)
[   27.834138] ACPI: Added _OSI(3.0 _SCP Extensions)
[   27.835687] ACPI: Added _OSI(Processor Aggregator Device)
[   27.889918] ACPI: Executed 1 blocks of module-level executable AML code
[   27.945823] ACPI: Interpreter enabled
[   27.981111] ACPI: (supports S0 S5)
[   28.009075] ACPI: Using IOAPIC for interrupt routing
[   28.060933] PCI: Using host bridge windows from ACPI; if necessary, use "pci=nocrs" and report a bug
[   28.159447] ACPI: PCI Root Bridge [PCI0] (domain 0000 [bus 00-ff])
[   28.222464] acpi PNP0A03:00: _OSC: OS supports [ASPM ClockPM Segments MSI]
[   28.240039] acpi PNP0A03:00: _OSC: not requesting OS control; OS requires [ExtendedConfig ASPM ClockPM MSI]
[   28.278780] acpi PNP0A03:00: fail to add MMCONFIG information, can't access extended PCI configuration space under this bridge.
[   28.406444] PCI host bridge to bus 0000:00
[   28.442233] pci_bus 0000:00: root bus resource [io  0x0000-0x0cf7 window]
[   28.503150] pci_bus 0000:00: root bus resource [io  0x0d00-0xffff window]
[   28.535416] pci_bus 0000:00: root bus resource [mem 0x000a0000-0x000bffff window]
[   28.596892] pci_bus 0000:00: root bus resource [mem 0x40000000-0xfdffffff window]
[   28.643489] pci_bus 0000:00: root bus resource [bus 00-ff]
[   28.648258] pci 0000:00:01.1: legacy IDE quirk: reg 0x10: [io  0x01f0-0x01f7]
[   28.697359] pci 0000:00:01.1: legacy IDE quirk: reg 0x14: [io  0x03f6]
[   28.738989] pci 0000:00:01.1: legacy IDE quirk: reg 0x18: [io  0x0170-0x0177]
[   28.819013] pci 0000:00:01.1: legacy IDE quirk: reg 0x1c: [io  0x0376]
[   28.877827] pci 0000:00:07.0: quirk: [io  0x4000-0x403f] claimed by PIIX4 ACPI
[   28.975235] pci 0000:00:07.0: quirk: [io  0x4100-0x410f] claimed by PIIX4 SMB
[   29.056700] ACPI: PCI Interrupt Link [LNKA] (IRQs 5 9 10 *11)
[   29.116788] ACPI: PCI Interrupt Link [LNKB] (IRQs 5 9 *10 11)
[   29.166382] ACPI: PCI Interrupt Link [LNKC] (IRQs 5 *9 10 11)
[   29.225381] ACPI: PCI Interrupt Link [LNKD] (IRQs 5 9 10 *11)
[   29.273989] ACPI: Enabled 2 GPEs in block 00 to 07
[   29.318802] vgaarb: setting as boot device: PCI:0000:00:02.0
[   29.409746] vgaarb: device added: PCI:0000:00:02.0,decodes=io+mem,owns=io+mem,locks=none
[   29.429729] vgaarb: loaded
[   29.479493] vgaarb: bridge control possible 0000:00:02.0
[   29.560063] SCSI subsystem initialized
[   29.578314] ACPI: bus type USB registered
[   29.588769] usbcore: registered new interface driver usbfs
[   29.602155] usbcore: registered new interface driver hub
[   29.609075] usbcore: registered new device driver usb
[   29.620325] PCI: Using ACPI for IRQ routing
[   29.626433] NetLabel: Initializing
[   29.631120] NetLabel:  domain hash size = 128
[   29.638982] NetLabel:  protocols = UNLABELED CIPSOv4
[   29.645268] NetLabel:  unlabeled traffic allowed by default
[   29.655905] amd_nb: Cannot enumerate AMD northbridges
[   29.670502] clocksource: Switched to clocksource kvm-clock
[ 297573ApArr:AppArmorFisyemnaed[ 30811]npPnAC it   30.68065pn: PnP ACPI: found 3 evce
[   30.964165] clocksource: acpi_pm: mask: 0xffffff max_cycles: 0xffffff, max_idle_ns: 2085701024 ns
[   30.976774] NET: Registered protocol family 2
[   31.004684] TCP established hash table entries: 8192 (order: 4, 65536 bytes)
[   31.053897] TCP bind hash table entries: 8192 (order: 5, 131072 bytes)
[   31.055974] TCP: Hash tables configured (established 8192 bind 8192)
[   31.112976] UDP hash table entries: 512 (order: 2, 16384 bytes)
[   31.248549] UDP-Lite hash table entries: 512 (order: 2, 16384 bytes)
[   31.250591] NET: Registered protocol family 1
[   31.257579] pci 0000:00:00.0: Limiting direct PCI/PCI transfers
[   31.348406] pci 0000:00:01.0: Activating ISA DMA hang workarounds
[   31.484036] Unpacking initramfs...
[   31.770383] Freeing initrd memory: 15356K
[   31.801707] RAPL PMU detected, API unit is 2^-32 Joules, 4 fixed counters 10737418240 ms ovfl timer
[   31.830054] hw unit of domain pp0-core 2^-0 Joules
[   31.844662] hw unit of domain package 2^-0 Joules
[   31.870383] hw unit of domain dram 2^-0 Joules
[   31.878847] hw unit of domain pp1-gpu 2^-0 Joules
[   3.827 patformtcmo risreplfo R dic(nPNdeceou)
[   37706Scnnngfo low memory corruptonevy  scos
[   33.275214] audit: initializing netlink subsys (disabled)
[   33.388779] audit: type=2000 audit(1527273535.858:1): initialized
[   33.482768] Initialise system trusted keyring
[   33.563479] HugeTLB registered 2 MB page size, pre-allocated 0 pages
[   33.651511] zbud: loaded
[   33.694041] VFS: Disk quotas dquot_6.6.0
[   33.805121] VFS: Dquot-cache hash table entries: 512 (order 0, 4096 bytes)
[   33.806944] tsc: Refined TSC clocksource calibration: 2901.377 MHz
[   33.806947] clocksource: tsc: mask: 0xffffffffffffffff max_cycles: 0x29d257d40a0, max_idle_ns: 440795219102 ns
[   33.975281] squashfs: version 4.0 (2009/01/31) Phillip Lougher
[   33.989435] fuse init (API version 7.23)
[   33.992865] Key type big_key registered
[   34.004214] Allocating IMA MOK and blacklist keyrings.
[   34.007686] Key type asymmetric registered
[   34.088655] Asymmetric key parser 'x509' registered
[   34.155195] Block layer SCSI generic (bsg) driver version 0.4 loaded (major 249)
[   34.180592] io scheduler noop registered
[   34.239014] io scheduler deadline registered (default)
[   34.244668] io scheduler cfq registered
[   34.254273] pci_hotplug: PCI Hot Plug PCI Core version: 0.5
[   34.292441] pciehp: PCI Express Hot Plug Controller Driver version: 0.4
[   34.340915] ACPI: AC Adapter [AC] (on-line)
[   34.360539] input: Power Button as /devices/LNXSYSTM:00/LNXPWRBN:00/input/input0
[   34.400121] ACPI: Power Button [PWRF]
[   34.407116] input: Sleep Button as /devices/LNXSYSTM:00/LNXSLPBN:00/input/input1
[   34.410958] ACPI: Sleep Button [SLPF]
[   34.420543] GHES: HEST is not enabled!
[   34.421751] ACPI: Battery Slot [BAT0] (battery present)
[   34.479830] Serial: 8250/16550 driver, 32 ports, IRQ sharing enabled
[   34.547134] 00:02: ttyS0 at I/O 0x3f8 (irq = 4, base_baud = 115200) is a 16550A
[   34.600292] Linux agpgart interface v0.103
[   34.651255] loop: module loaded
[   34.722716] scsi host0: ata_piix
[   34.730273] scsi host1: ata_piix
[   34.792696] ata1: PATA max UDMA/33 cmd 0x1f0 ctl 0x3f6 bmdma 0xd000 irq 14
[   34.810336] ata2: PATA max UDMA/33 cmd 0x170 ctl 0x376 bmdma 0xd008 irq 15
[   34.830129] libphy: Fixed MDIO Bus: probed
[   34.889131] tun: Universal TUN/TAP device driver, 1.6
[   34.901226] tun: (C) 1999-2004 Max Krasnyansky <maxk@qualcomm.com>
[   34.906403] PPP generic driver version 2.4.2
[   34.910195] ehci_hcd: USB 2.0 'Enhanced' Host Controller (EHCI) Driver
[   34.918977] ehci-pci: EHCI PCI platform driver
[   34.935790] ehci-platform: EHCI generic platform driver
[   34.938611] ohci_hcd: USB 1.1 'Open' Host Controller (OHCI) Driver
[   34.967859] ohci-pci: OHCI PCI platform driver
[   35.024080] ohci-platform: OHCI generic platform driver
[   35.025785] uhci_hcd: USB Universal Host Controller Interface driver
[   35.027894] i8042: PNP: PS/2 Controller [PNP0303:PS2K,PNP0f03:PS2M] at 0x60,0x64 irq 1,12
[   35.069390] serio: i8042 KBD port at 0x60,0x64 irq 1
[   35.094767] serio: i8042 AUX port at 0x60,0x64 irq 12
[   35.145363] mousedev: PS/2 mouse device common for all mice
[   35.229722] input: AT Translated Set 2 keyboard as /devices/platform/i8042/serio0/input/input2
[   35.341984] rtc_cmos rtc_cmos: rtc core: registered rtc_cmos as rtc0
[   35.379570] rtc_cmos rtc_cmos: alarms up to one day, 114 bytes nvram
[   5.937 i /deenries drier
[   39065 devic-mpper: uevent: version 1.0.3

[   36.091304] device-mapper: ioctl: 4.34.0-ioctl (2015-10-28) initialised: dm-devel@redhat.com
[   36.119984] ledtrig-cpu: registered to indicate activity on CPUs
[   36.122163] NET: Registered protocol family 10
[   36.129710] NET: Registered protocol family 17
[   36.152882] Key type dns_resolver registered
[   36.249192] registered taskstats version 1
[   36.252118] Loading compiled-in X.509 certificates
[   36.253872] Loaded X.509 cert 'Build time autogenerated kernel key: eb3f78ccfd14bc84ef58e051a28e8b7731c2f6e2'
[   36.357867] zswap: loaded using pool lzo/zbud
[   36.393972] Key type trusted registered
[   36.400648] Key type encrypted registered
[   36.429432] AppArmor: AppArmor sha1 policy hashing enabled
[   36.430690] ima: No TPM chip found, activating TPM-bypass!
[   36.432006] evm: HMAC attrs: 0x1
[   36.433398]   Magic number: 2:914:696
[   36.437395] rtc_cmos rtc_cmos: setting system clock to 2018-05-25 18:39:22 UTC (1527273562)
[   36.440704] BIOS EDD facility v0.16 2004-Jun-25, 0 devices found
[   36.442916] EDD information not available.
[   36.575326] Freeing unused kernel memory: 1508K
[   36.584883] Write protecting the kernel read-only data: 14336k
[   36.587456] Freeing unused kernel memory: 1696K
[   36.594972] Freeing unused kernel memory: 100K
Loading, please [   36.614510] random: systemd-udevd: uninitialized urandom read (16 bytes read, 7 bits of entropy available)
wait...
starting version 229
[   36.615251] random: udevadm: uninitialized urandom read (16 bytes read, 7 bits of entropy available)
[   36.615270] random: udevadm: uninitialized urandom read (16 bytes read, 7 bits of entropy available)
[   36.622968] random: udevadm: uninitialized urandom read (16 bytes read, 7 bits of entropy available)
[   36.623010] random: udevadm: uninitialized urandom read (16 bytes read, 7 bits of entropy available)
[   36.623138] random: udevadm: uninitialized urandom read (16 bytes read, 7 bits of entropy available)
[   36.623185] random: udevadm: uninitialized urandom read (16 bytes read, 7 bits of entropy available)
[   36.623231] random: udevadm: uninitialized urandom read (16 bytes read, 7 bits of entropy available)
[   36.623278] random: udevadm: uninitialized urandom read (16 bytes read, 7 bits of entropy available)
[   36.623322] random: udevadm: uninitialized urandom read (16 bytes read, 7 bits of entropy available)
[   36.732501] e1000: Intel(R) PRO/1000 Network Driver - version 7.3.21-k8-NAPI
[   36.754711] e1000: Copyright (c) 1999-2006 Intel Corporation.
[   36.780965] Fusion MPT base driver 3.04.20
[   36.783117] Copyright (c) 1999-2008 LSI Corporation
[   36.796342] AVX2 version of gcm_enc/dec engaged.
[   36.806753] AES CTR mode by8 optimization enabled
[   36.823314] Fusion MPT SPI Host driver 3.04.20
[   36.971764] input: ImExPS/2 Generic Explorer Mouse as /devices/platform/i8042/serio1/input/input4
[   37.202659] e1000 0000:00:03.0 eth0: (PCI:33MHz:32-bit) 02:17:54:81:c3:1e
[   37.304745] e1000 0000:00:03.0 eth0: Intel(R) PRO/1000 Network Connection
[   37.383930] mptbase: ioc0: Initiating bringup
[   37.384426] e1000 0000:00:03.0 enp0s3: renamed from eth0
[   37.578335] ioc0: LSI53C1030 A0: Capabilities={Initiator}
[   38.872474] scsi host2: ioc0: LSI53C1030 A0, FwRev=00000000h, Ports=1, MaxQ=256, IRQ=20
[   39.739098] scsi 2:0:0:0: Direct-Access     VBOX     HARDDISK         1.0  PQ: 0 ANSI: 5
[   40.178734] scsi target2:0:0: Beginning Domain Validation
[   40.253081] scsi target2:0:0: Domain Validation skipping write tests
[   40.289597] scsi target2:0:0: Ending Domain Validation
[   40.300917] scsi target2:0:0: asynchronous
[   40.357390] scsi 2:0:1:0: Direct-Access     VBOX     HARDDISK         1.0  PQ: 0 ANSI: 5
[   40.475576] scsi target2:0:1: Beginning Domain Validation
[   40.510666] scsi target2:0:1: Domain Validation skipping write tests
[   41.105901] scsi target2:0:1: Ending Domain Validation
[   41.121665] scsi target2:0:1: asynchronous
[   41.137173] sd 2:0:0:0: [sda] 20971520 512-byte logical blocks: (10.7 GB/10.0 GiB)
[   41.230260] sd 2:0:0:0: Attached scsi generic sg0 type 0
[   41.261159] sd 2:0:1:0: Attached scsi generic sg1 type 0
[   41.287340] sd 2:0:0:0: [sda] Write Protect is off
[   41.376433] sd 2:0:1:0: [sdb] 20480 512-byte logical blocks: (10.5 MB/10.0 MiB)
[   41.379558] sd 2:0:0:0: [sda] Incomplete mode parameter data
[   41.379559] sd 2:0:0:0: [sda] Assuming drive cache: write through
[   41.380758]  sda: sda1
[   41.381511] sd 2:0:0:0: [sda] Attached SCSI disk
[   41.500359] sd 2:0:1:0: [sdb] Write Protect is off
[   41.534122] sd 2:0:1:0: [sdb] Incomplete mode parameter data
[   41.560085] sd 2:0:1:0: [sdb] Assuming drive cache: write through
[   41.615289] sd 2:0:1:0: [sdb] Attached SCSI disk
Begin: Loading essential drivers[   43.094994] md: linear personality registered for level -1
 ... [   43.140019] md: multipath personality registered for level -4
[   43.175363] md: raid0 personality registered for level 0
[   43.215090] md: raid1 personality registered for level 1
[   43.326850] raid6: sse2x1   gen()  4306 MB/s
[   43.443250] raid6: sse2x1   xor()  4929 MB/s
[   43.594548] raid6: sse2x2   gen() 12163 MB/s
[   43.690522] raid6: sse2x2   xor()  8202 MB/s
[   43.815133] raid6: sse2x4   gen() 14423 MB/s
[   43.938737] raid6: sse2x4   xor()  9166 MB/s
[   44.066610] raid6: avx2x1   gen() 18638 MB/s
[   44.198725] raid6: avx2x2   gen() 23106 MB/s
[   44.318524] raid6: avx2x4   gen() 25426 MB/s
[   44.346376] raid6: using algorithm avx2x4 gen() 25426 MB/s
[   44.432062] raid6: using avx2x2 recovery algorithm
[   44.462573] xor: automatically using best checksumming function:
[   44.607044]    avx       : 21354.000 MB/sec
[   44.664052] async_tx: api initialized (async)
[   44.730697] md: raid6 personality registered for level 6
[   44.808786] md: raid5 personality registered for level 5
[   44.893958] md: raid4 personality registered for level 4
[   44.983227] md: raid10 personality registered for level 10
done.
Begin: Running /scripts/init-p[   45.082392] Btrfs loaded
remount ... done.
Begin: Mounting root file system ... Begin: R[   45.151953] EXT4-fs (sda1): mounted filesystem with ordered data mode. Opts: (null)
unning /scripts/local-top ... done.
Begin: Running /scripts/local-premount ... Scanning for Btrfs filesystems
done.
Warning: fsck not present, so skipping root file system
done.
Begin: Running /scripts/local-bottom ... done.
Begin: Running /scripts/init-bottom ... done.
[   45.324894] systemd[1]: systemd 229 running in system mode. (+PAM +AUDIT +SELINUX +IMA +APPARMOR +SMACK +SYSVINIT +UTMP +LIBCRYPTSETUP +GCRYPT +GNUTLS +ACL +XZ -LZ4 +SECCOMP +BLKID +ELFUTILS +KMOD -IDN)
[   45.543934] systemd[1]: Detected virtualization oracle.
[   45.599315] systemd[1]: Detected architecture x86-64.

Welcome to [1mUbuntu 16.04.4 LTS[0m!

[   45.656820] systemd[1]: Set hostname to <ubuntu-xenial>.
[   45.854399] systemd[1]: Reached target System Time Synchronized.
[[0;32m  OK  [0m] Reached target System Time Synchronized.
[  4.96905] std[: stinonVMmeda dmosoke
[[0;32m  OK  [0m] Listening on LVM2 metadata daemon socket.
[ 46719129] syem1]Lienng on oualoct delog.
[[0;32m  OK  [0m] Listening on Journal Socket (/dev/log).
[ 474253syted[: istening on JoualSoet
[[0;32m  OK  [0m] Listening on Journal Socket.
[   48.018887 ste[1 Ltengn M2ol dmo sckt.

[[0;32m  OK  [0m] Listening on LVM2 poll daemon socket.
[  4695577] sysem[1: rete slie erndSeioSlce.
[[0;32m  OK  [0m] Created slice User and Session Slice.
[ 493635] ysmd]: Litein o Sslog Socket.
[[0;32m  OK  [0m] Listening on Syslog Socket.
[  4.8118] ystemd[]:Started igr soco uda f nwod S.
[[0;32m  OK  [0m] Started Trigger resolvconf update for networkd DNS.
[   50.778] systemd[1]: Stard rwd asswod Rqust to Wal reorWah.
[   51.435436] random: nonblocking pool is initialized
[[0;32m  OK  [0m] Started Forward Password Requests to Wall Directory Watch.
[   1.35] stemd[1]: Set p tounArtrarExcubl Fe rms leysemutou Pin
[[0;32m  OK  [0m] Set up automount Arbitrary Executab...ats File System Automount Point.
[ 52715356] systemd[1]: Listening on udev Kernel Socket.
[[0;32m  OK  [0m] Listening on udev Kernel Socket.
[ 52314]ystemd[1]: Listening on udev Control Socket.
[[0;32m  OK  [0m] Listening on udev Control Socket.
[   53.028851] systemd[1]: Reached target Encrypted Volumes.
[[0;32m  OK  [0m] Reached target Encrypted Volumes.
[   53.032811] systemd[1]: Listening on /dev/initctl Compatibility Named Pipe.
[[0;32m  OK  [0m] Listening on /dev/initctl Compatibility Named Pipe.
[   532144] syte[1 Lteingonoualud Ske
[[0;32m  OK  [0m] Listening on Journal Audit Socket.
[ 53468]ysted[]:Reched aretSwp.
[[0;32m  OK  [0m] Reached target Swap.
[ 54.597]system1] Ceaedli System Slice.
[[0;32m  OK  [0m] Created slice System Slice.
[   54.931494] systemd[1]: Starting Journal Service...
         Starting Journal Service...
[   54.961969] systemd[1]: Created slice system-serial\x2dgetty.slice.
[[0;32m  OK  [0m] Created slice system-serial\x2dgetty.slice.
[   54.999421] systemd[1]: Starting Uncomplicated firewall...
         Starting Uncomplicated firewall...
[   55.066964] systemd[1]: Starting Set console keymap...
         Starting Set console keymap...
[   55.171228] systemd[1]: Starting Create list of required static device nodes for the current kernel...
         Starting Create list of required st... nodes for the current kernel...
[   55.378820] systemd[1]: Starting Remount Root and Kernel File Systems...
         [   55.439897] EXT4-fs (sda1): re-mounted. Opts: (null)
Starting Remount Root and Kernel File Systems...
[   55.591117] systemd[1]: Starting Load Kernel Modules...
         Starting Load Kernel Modules...
[   55.651614] systemd[1]: Mounting Debug File System...
         Mounting Debug F[   55.691020] Loading iSCSI transport class v2.0-870.
ile System...
[   55.737141] systemd[1]: Mounting POSIX Message Queue File System...
[   55.787503] iscsi: registered transport (tcp)
         Mounting POSIX Message Queue File System...
[   55.838167] iscsi: registered transport (iser)
[   55.838683] systemd[1]: Mounting Huge Pages File System...
         Mounting Huge Pages File System...
[   55.947349] systemd[1]: Starting Nameserver information manager...
         Starting Nameserver information manager...
[   56.063492] systemd[1]: Reached target User and Group Name Lookups.
[[0;32m  OK  [0m] Reached target User and Group Name Lookups.
[   56.242938] systemd[1]: Listening on Device-mapper event daemon FIFOs.
[[0;32m  OK  [0m] Listening on Device-mapper event daemon FIFOs.
[   56.454696] systemd[1]: Starting Monitoring of LVM2 mirrors, snapshots etc. using dmeventd or progress polling...
         Starting Monitoring of LVM2 mirrors... dmeventd or progress polling...
[   56.566750] systemd[1]: Reached target Slices.
[[0;32m  OK  [0m] Reached target Slices.
[   56.639391] systemd[1]: Mounted Huge Pages File System.
[[0;32m  OK  [0m] Mounted Huge Pages File System.
[   56.787418] systemd[1]: Mounted Debug File System.
[[0;32m  OK  [0m] Mounted Debug File System.
[   56.839121] systemd[1]: Mounted POSIX Message Queue File System.
[[0;32m  OK  [0m] Mounted POSIX Message Queue File System.
[   56.891421] systemd[1]: Started Journal Service.
[[0;32m  OK  [0m] Started Journal Service.
[[0;32m  OK  [0m] Started Uncomplicated firewall.
[[0;32m  OK  [0m] Started Set console keymap.
[[0;32m  OK  [0m] Started Create list of required sta...ce nodes for the current kernel.
[[0;32m  OK  [0m] Started Remount Root and Kernel File Systems.
[[0;32m  OK  [0m] Started Load Kernel Modules.
[[0;32m  OK  [0m] Started Nameserver information manager.
[[0;32m  OK  [0m] Started LVM2 metadata daemon.
         Mounting FUSE Control File System...
         Starting Apply Kernel Variables...
         Starting Initial cloud-init job (pre-networking)...
         Starting Load/Save Random Seed...
         Starting udev Coldplug all Devices...
         Starting Create Static Device Nodes in /dev...
         Starting Flush Journal to Persistent Storage...
[[0;32m  OK  [0m] Mounted FUSE Control File System.
[[0;32m  OK  [0m] Started Apply Kernel Variables.
[[0;32m  OK  [0m] Started Load/Save Random Seed.
[[0;32m  OK  [0m] Started Create Static Device Nodes in /dev.
[[0;32m  OK  [0m] Started udev Coldplug all Devices.
[[0;32m  OK  [0m] Started Flush Journal to Persistent Storage.
         Starting udev Kernel Device Manager...
[[0;32m  OK  [0m] Started Monitoring of LVM2 mirrors,...ng dmeventd or progress polling.
[[0;32m  OK  [0m] Started udev Kernel Device Manager.
[[0;32m  OK  [0m] Started Dispatch Password Requests to Console Directory Watch.
[[0;32m  OK  [0m] Reached target Local File Systems (Pre).
[[0;32m  OK  [0m] Reached target Local File Systems.
         Starting Create Volatile Files and Directories...
         Starting Set console font and keymap...
         Starting Tell Plymouth To Write Out Runtime Data...
         Starting LSB: AppArmor initialization...
[[0;32m  OK  [0m] Started Create Volatile Files and Directories.
[[0;32m  OK  [0m] Started Tell Plymouth To Write Out Runtime Data.
         Starting Update UTMP about System Boot/Shutdown...
[[0;32m  OK  [0m] Found device /dev/ttyS0.
[[0;32m  OK  [0m] Started LSB: AppArmor initialization.
[[0;32m  OK  [0m] Started Update UTMP about System Boot/Shutdown.
[[0;32m  OK  [0m] Listening on Load/Save RF Kill Switch Status /dev/rfkill Watch.
[   30.287170] cloud-init[445]: Cloud-init v. 18.2 running 'init-local' at Fri, 25 May 2018 18:39:44 +0000. Up 29.83 seconds.
[[0;32m  OK  [0m] Started Initial cloud-init job (pre-networking).
[[0;32m  OK  [0m] Found device 82540EM Gigabit Ethern...r (PRO/1000 MT Desktop Adapter).
[[0;32m  OK  [0m] Reached target Network (Pre).
[[0;32m  OK  [0m] Started ifup for enp0s3.
         Starting Raise network interfaces...
[[0;32m  OK  [0m] Started Set console font and keymap.
[[0;32m  OK  [0m] Created slice system-getty.slice.
[[0;32m  OK  [0m] Started Raise network interfaces.
         Starting Initial cloud-init job (metadata service crawler)...
[[0;32m  OK  [0m] Reached target Network.
[   31.559792] cloud-init[946]: Cloud-init v. 18.2 running 'init' at Fri, 25 May 2018 18:39:46 +0000. Up 31.28 seconds.
[   31.677571] [cloud-init[0;32m  OK  [0m[946]: ] ci-info: +++++++++++++++++++++++++++++++++++++Net device info++++++++++++++++++++++++++++++++++++++Started Initial cloud-init job (metadata service crawler).

[   31.678747] cloud-init[946]: ci-info: +--------+------+----------------------------+---------------+-------+-------------------+
[   31.953345] [cloud-init[0;32m  OK  [0m[946]: ] ci-info: | Device |  Up  |          Address           |      Mask     | Scope |     Hw-Address    |Reached target Cloud-config availability.

[   31.954212] [cloud-init[0;32m  OK  [0m[946]: ] ci-info: +--------+------+----------------------------+---------------+-------+-------------------+Reached target System Initialization.

[   32.256930] [cloud-init[0;32m  OK  [0m[946]: ] ci-info: | enp0s3 | True |         10.0.2.15          | 255.255.255.0 |   .   | 02:17:54:81:c3:1e |Listening on D-Bus System Message Bus Socket.

[   32.257806] cloud-init[946]: ci-info: | enp0s3 | True | fe80::17:54ff:fe81:c31e/64 |       .       |  link | 02:17:54:81:c3:1e |
[[0;32m  OK  [0m] Started ACPI Events Check.
[[0;32m  OK  [0m] Reached target Paths.
[[0;32m  OK  [0m] Listening on ACPID Listen Socket.
[   32.596102] cloud-init[946]: ci-info: |   lo   | True |         127.0.0.1          |   255.0.0.0   |   .   |         .         |
[   32.876921]          cloud-initStarting LXD - unix socket.[946]: 
ci-info: |   lo   | True |          ::1/128           |       .       |  host |         .         |
[   33.049208] [cloud-init[0;32m  OK  [0m[946]: ] ci-info: +--------+------+----------------------------+---------------+-------+-------------------+Started Daily apt download activities.

[[0;32m  OK  [0m] Started Daily apt upgrade and clean activities.
         Starting Socket activation for snappy daemon.
[   33.050609] cloud-init[946]: ci-info: +++++++++++++++++++++++++++Route IPv4 info++++++++++++++++++++++++++++
[[0;32m  OK  [0m] Started Daily Cleanup of Temporary Directories.
[   33.190580] [[0;32m  OK  [0m] Reached target Timers.
cloud-init[946]: ci-info: +-------+-------------+----------+---------------+-----------+-------+
[   33.540762] [cloud-init[0;32m  OK  [0m[946]: ] ci-info: | Route | Destination | Gateway  |    Genmask    | Interface | Flags |Listening on UUID daemon activation socket.

[[0;32m  OK  [0m] Reached target Network is Online.
[   33.541918] cloud-init[946]: ci-info: +-------+-------------+----------+---------------+-----------+-------+
[   33.675885]          cloud-initStarting iSCSI initiator daemon (iscsid)...[946]: 
ci-info: |   0   |   0.0.0.0   | 10.0.2.2 |    0.0.0.0    |   enp0s3  |   UG  |
[   33.792818] [cloud-init[0;32m  OK  [0m[946]: ] ci-info: |   1   |   10.0.2.0  | 0.0.0.0  | 255.255.255.0 |   enp0s3  |   U   |Listening on LXD - unix socket.

[[0;32m  OK  [0m] Listening on Socket activation for snappy daemon.
[   33.793661] cloud-init[946]: ci-info: +-------+-------------+----------+---------------+-----------+-------+
[[0;32m  OK  [0m] Reached target Sockets.
[[0;32m  OK  [0m] Reached target Basic System.
         Starting Accounts Service...
         Starting LSB: Record successful boot for GRUB...
         Starting /etc/rc.local Compatibility...
         Starting LSB: MD monitoring daemon...
[[0;32m  OK  [0m] Started ACPI event daemon.
[[0;32m  OK  [0m] Started Unattended Upgrades Shutdown.
         Starting Virtualbox guest utils...
[[0;32m  OK  [0m] Started Deferred execution scheduler.
[[0;32m  OK  [0m] Started D-Bus System Message Bus.
[[0;32m  OK  [0m] Started Regular background program processing daemon.
         Starting Login Service...
         Starting Snappy daemon...
         Starting Apply the settings specified in cloud-config...
         Starting OpenBSD Secure Shell server...
[[0;32m  OK  [0m] Started FUSE filesystem for LXC.
         Starting System Logging Service...
         Starting LXD - container startup/shutdown...
[[0;32m  OK  [0m] Started OpenBSD Secure Shell server.
[[0;32m  OK  [0m] Started Snappy daemon.
[[0;32m  OK  [0m] Started System Logging Service.
[[0;32m  OK  [0m] Started iSCSI initiator daemon (iscsid).
[[0;32m  OK  [0m] Started /etc/rc.local Compatibility.
[[0;32m  OK  [0m] Started LXD - container startup/shutdown.
[[0;32m  OK  [0m] Started LSB: Record successful boot for GRUB.
[[0;32m  OK  [0m] Started LSB: MD monitoring daemon.
[[0;32m  OK  [0m] Started Virtualbox guest utils.
[[0;32m  OK  [0m] Started Apply the settings specified in cloud-config.
[   35.209930] cloud-init[1038]: Cloud-init v. 18.2 running 'modules:config' at Fri, 25 May 2018 18:39:50 +0000. Up 35.06 seconds.
         Starting Authenticate and Authorize Users to Run Privileged Tasks...
         Starting Login to default iSCSI targets...
[[0;32m  OK  [0m] Started Login Service.
[[0;32m  OK  [0m] Started Authenticate and Authorize Users to Run Privileged Tasks.
[[0;32m  OK  [0m] Started Accounts Service.
[[0;32m  OK  [0m] Started Login to default iSCSI targets.
[[0;32m  OK  [0m] Reached target Remote File Systems (Pre).
[[0;32m  OK  [0m] Reached target Remote File Systems.
         Starting Permit User Sessions...
         Starting LSB: Set the CPU Frequency Scaling governor to "ondemand"...
         Starting LSB: automatic crash report generation...
         Starting LSB: daemon to balance interrupts for SMP systems...
[[0;32m  OK  [0m] Started Permit User Sessions.
[[0;32m  OK  [0m] Created slice User Slice of vagrant.
         Starting User Manager for UID 1000...
[[0;32m  OK  [0m] Started Session 1 of user vagrant.
         Starting Terminate Plymouth Boot Screen...
         Starting Hold until boot process finishes up...
[[0;32m  OK  [0m] Started User Manager for UID 1000.
[[0;32m  OK  [0m] Started LSB: Set the CPU Frequency Scaling governor to "ondemand".
[[0;32m  OK  [0m] Started LSB: automatic crash report generation.
[[0;32m  OK  [0m] Started LSB: daemon to balance interrupts for SMP systems.
[[0;32m  OK  [0m] Started Terminate Plymouth Boot Screen.
[[0;32m  OK  [0m] Started Hold until boot process finishes up.
[[0;32m  OK  [0m] Started Serial Getty on ttyS0.
[[0;32m  OK  [0m] Started Getty on tty1.
[[0;32m  OK  [0m] Reached target Login Prompts.
         Starting Set console scheme...
[[0;32m  OK  [0m] Reached target Multi-User System.
         Starting Execute cloud user/final scripts...
[[0;32m  OK  [0m] Reached target Graphical Interface.
         Starting Update UTMP about System Runlevel Changes...
[[0;32m  OK  [0m] Started Set console scheme.
[[0;32m  OK  [0m] Started Update UTMP about System Runlevel Changes.
[   37.306695] cloud-init[1179]: Cloud-init v. 18.2 running 'modules:final' at Fri, 25 May 2018 18:39:52 +0000. Up 37.15 seconds.
[   37.366187] cloud-init[1179]: Cloud-init v. 18.2 finished at Fri, 25 May 2018 18:39:52 +0000. Datasource DataSourceNoCloud [seed=/dev/sdb][dsmode=net].  Up 37.29 seconds
[[0;32m  OK  [0m] Started Execute cloud user/final scripts.
[[0;32m  OK  [0m] Reached target Cloud-init target.
         Starting Daily apt download activities...
         Stopping User Manager for UID 1000...
[[0;32m  OK  [0m] Stopped User Manager for UID 1000.
[[0;32m  OK  [0m] Removed slice User Slice of vagrant.

Ubuntu 16.04.4 LTS ubuntu-xenial ttyS0

ubuntu-xenial login: [[0;32m  OK  [0m] Started ACPI event daemon.
[[0;32m  OK  [0m] Started ACPI event daemon.
[[0;32m  OK  [0m] Created slice User Slice of vagrant.
         Starting User Manager for UID 1000...
[[0;32m  OK  [0m] Started Session 2 of user vagrant.
[[0;32m  OK  [0m] Started User Manager for UID 1000.
[[0;32m  OK  [0m] Started ACPI event daemon.
[[0;32m  OK  [0m] Started ACPI event daemon.
[[0;32m  OK  [0m] Started Daily apt upgrade and clean activities.
[[0;32m  OK  [0m] Stopped target Timers.
         Stopping User Manager for UID 1000...
[[0;32m  OK  [0m] Stopped target Graphical Interface.
         Stopping Accounts Service...
         Stopping Authenticate and Authorize Users to Run Privileged Tasks...
             Stopping D-Bus System Message Bus...
[[0;32m  OK  [0m] Stopped Daily apt upgrade and clean activities.
[[0;32m  OK  [0m] Stopped Daily apt download activities.
[[0;32m  OK  [0m] Stopped target System Time Synchronized.
[[0;32m  OK  [0m] Closed Load/Save RF Kill Switch Status /dev/rfkill Watch.
[[0;32m  OK  [0m] Unmounted /var/lib/lxcfs.
[[0;32m  OK  [0m] Stopped Accounts Service.
[[0;32m  OK  [0m] Stopped ACPI event daemon.
[[0;32m  OK  [0m] Stopped Deferred execution scheduler.
[[0;32m  OK  [0m] Stopped Regular background program processing daemon.
[[0;32m  OK  [0m] Stopped Snappy daemon.
[[0;32m  OK  [0m] Stopped OpenBSD Secure Shell server.
[[0;32m  OK  [0m] Stopped System Logging Service.
[[0;32m  OK  [0m] Stopped Authenticate and Authorize Users to Run Privileged Tasks.
[[0;32m  OK  [0m] Stopped Serial Getty on ttyS0.
[[0;32m  OK  [0m] Stopped Getty on tty1.
[[0;32m  OK  [0m] Stopped User Manager for UID 1000.
[[0;32m  OK  [0m] Stopped Session 3 of user vagrant.
[[0;32m  OK  [0m] Stopped Unattended Upgrades Shutdown.
[[0;32m  OK  [0m] Stopped D-Bus System Message Bus.
[[0;32m  OK  [0m] Stopped FUSE filesystem for LXC.
[[0;32m  OK  [0m] Stopped LSB: Set the CPU Frequency Scaling governor to "ondemand".
[[0;32m  OK  [0m] Stopped Virtualbox guest utils.
[[0;32m  OK  [0m] Stopped LXD - container startup/shutdown.
[[0;32m  OK  [0m] Stopped LSB: Record successful boot for GRUB.
[[0;32m  OK  [0m] Stopped LSB: MD monitoring daemon.
[[0;32m  OK  [0m] Stopped LSB: daemon to balance interrupts for SMP systems.
[[0;32m  OK  [0m] Stopped LSB: automatic crash report generation.
[[0;32m  OK  [0m] Removed slice User Slice of vagrant.
         Stopping Login Service...
[[0;32m  OK  [0m] Removed slice system-getty.slice.
         Stopping Permit User Sessions...
[[0;32m  OK  [0m] Removed slice system-serial\x2dgetty.slice.
[[0;32m  OK  [0m] Stopped /etc/rc.local Compatibility.
[[0;32m  OK  [0m] Stopped Login Service.
[[0;32m  OK  [0m] Stopped Permit User Sessions.
[[0;32m  OK  [0m] Stopped target Remote File Systems.
[[0;32m  OK  [0m] Stopped target Remote File Systems (Pre).
         Stopping Login to default iSCSI targets...
[[0;32m  OK  [0m] Stopped target User and Group Name Lookups.
[[0;32m  OK  [0m] Stopped target Basic System.
[[0;32m  OK  [0m] Stopped target Sockets.
[[0;32m  OK  [0m] Closed Syslog Socket.
[[0;32m  OK  [0m] Closed Socket activation for snappy daemon.
[[0;32m  OK  [0m] Closed LXD - unix socket.
[[0;32m  OK  [0m] Closed ACPID Listen Socket.
[[0;32m  OK  [0m] Closed D-Bus System Message Bus Socket.
[[0;32m  OK  [0m] Closed UUID daemon activation socket.
[[0;32m  OK  [0m] Stopped target Slices.
[[0;32m  OK  [0m] Removed slice User and Session Slice.
[[0;32m  OK  [0m] Stopped target Paths.
[[0;32m  OK  [0m] Stopped ACPI Events Check.
[[0;32m  OK  [0m] Stopped target System Initialization.
         Stopping Load/Save Random Seed...
[[0;32m  OK  [0m] Stopped target Encrypted Volumes.
         Stopping Update UTMP about System Boot/Shutdown...
[[0;32m  OK  [0m] Stopped target Swap.
[[0;32m  OK  [0m] Stopped Forward Password Requests to Wall Directory Watch.
[[0;32m  OK  [0m] Stopped Dispatch Password Requests to Console Directory Watch.
[[0;32m  OK  [0m] Stopped Load/Save Random Seed.
[[0;32m  OK  [0m] Stopped Update UTMP about System Boot/Shutdown.
[[0;32m  OK  [0m] Stopped Login to default iSCSI targets.
         Stopping iSCSI initiator daemon (iscsid)...
[[0;32m  OK  [0m] Stopped Create Volatile Files and Directories.
[[0;32m  OK  [0m] Stopped iSCSI initiator daemon (iscsid).
[[0;32m  OK  [0m] Stopped target Network is Online.
[[0;32m  OK  [0m] Stopped Initial cloud-init job (metadata service crawler).
[[0;32m  OK  [0m] Stopped target Network.
         Stopping Raise network interfaces...
[[0;32m  OK  [0m] Stopped Raise network interfaces.
[[0;32m  OK  [0m] Stopped target Network (Pre).
[[0;32m  OK  [0m] Stopped Initial cloud-init job (pre-networking).
[[0;32m  OK  [0m] Stopped Apply Kernel Variables.
[[0;32m  OK  [0m] Stopped Load Kernel Modules.
[[0;32m  OK  [0m] Stopped target Local File Systems.
         Unmounting /vagrant...
         Unmounting /run/user/1000...
[[0;32m  OK  [0m] Unmounted /vagrant.
[[0;32m  OK  [0m] Unmounted /run/user/1000.
[[0;32m  OK  [0m] Reached target Unmount All Filesystems.
[[0;32m  OK  [0m] Stopped target Local File Systems (Pre).
[[0;32m  OK  [0m] Stopped Remount Root and Kernel File Systems.
         Stopping Monitoring of LVM2 mirrors... dmeventd or progress polling...
[[0;32m  OK  [0m] Stopped Create Static Device Nodes in /dev.
[[0;32m  OK  [0m] Reached target Shutdown.
[ 510.2375] reboot Perdown
