[    0.0000] Iniiazig cgoususys put
[    0.0000] Intiizng cgroup subsys cpu   0.000000] Initilizig cgroup subsys cpuacct
[    0.000000] Linux versio 4..027-generic (buildd@lcy01-amd64-023) (gcc version 5.4.0 20160609 (Ubuntu 5.4.0-6ubuntu1~16.04.9) ) #153UbtuSMP Sat May 11058: U 2018 (Ubuntu .4-17.1-geric 4.4.128)
[   0.000000] Cmmand line: BOOT_IMAGE=/boot/vmlinuz-4.4.0-127-generic root=UUID=08cdc44e-6947-4c8c-9e6b-f5b15d5361b5 ro console=tty1 console=ttyS0
[    0.000000] KERNEL supported cpus:
[    0.000000]   Intel GenuineIntel
[    0.000000]   AMD AuthenticAMD
[    0.000000]   Centaur CentaurHauls
[    0.000000] x86/fpu: xstate_offset[2]:  576, xstate_sizes[2]:  256
[    0.000000] x86/fpu: Supporting XSAVE feature 0x01: 'x87 floating point registers'
[    0.000000] x86/fpu: Supporting XSAVE feature 0x02: 'SSE registers'
[    0.000000] x86/fpu: Supporting XSAVE feature 0x04: 'AVX registers'
[    0.000000] x86/fpu: Enabled xstate features 0x7, context size is 832 bytes, using 'standard' format.
[    0.000000] x86/fpu: Using 'lazy' FPU context switches.
[    0.000000] e820: BIOS-provided physical RAM map:
[    0.000000] BIOS-e820: [mem 0x0000000000000000-0x000000000009fbff] usable
[    0.000000] BIOS-e820: [mem 0x000000000009fc00-0x000000000009ffff] reserved
[    0.000000] BIOS-e820: [mem 0x00000000000f0000-0x00000000000fffff] reserved
[    0.000000] BIOS-e820: [mem 0x0000000000100000-0x00000000dffeffff] usable
[    0.000000] BIOS-e820: [mem 0x00000000dfff0000-0x00000000dfffffff] ACPI data
[    0.000000] BIOS-e820:[mm 000000fec00000-0x0000000fec00fff] reserved
[    0.000000] BIOS-e820: [mem 0x00000000fee00000-0x00000000fee00fff] reserved
[    0.000000] BIOS-e820: [mem 0x00000000fffc0000-0x00000000ffffffff] reserved
[    0.000000] BIOS-e820: [mem 0x0000000100000000-0x000000011fffffff] usable
[    0.000000] NX (Execute Disable) protection: active
[    0.000000] SMBIOS 2.5 present.
[    0.000000] Hypervisor detected: KVM
[    0.000000] e820: last_pfn = 0x120000 max_arch_pfn = 0x400000000
[    0.000000] MTRR: Disabled
[    0.000000] x86/PAT: MTRRs disabled, skipping PAT initialization too.
[    0.000000] CPU MTRRs all blank - virtualized system.
[    0.000000] x86/PAT: Configuration [0-7]: WB  WT  UC- UC  WB  WT  UC- UC  
[    0.000000] e820: last_pfn = 0xdfff0 max_arch_pfn = 0x400000000
[    0.000000] found SMP MP-table at [mem 0x0009fff0-0x0009ffff] mapped at [ffff88000009fff0]
[    0.000000] Scanning 1 areas for low memory corruption
[    0.000000] RAMDISK: [mem 0x361f0000-0x370effff]
[    0.000000] ACPI: Early table checksum verification disabled
[    0.000000] ACPI: RSDP 0x00000000000E0000 000024 (v02 VBOX  )
[    0.000000] ACPI: XSDT 000000DF0030 00C v0 VX  VBOXXSDT 000001 ASL  0006)
[    0.000000] ACPI: FACP 0x00000000DFFF00F0 0000F4 (v04 VBOX   VBOXFACP 00000001 ASL  00000061)
[    0.000000] ACPI: DSDT 0x00000000DFFF0470 0021FF (v02 VBOX   VBOXBIOS 00000002 INTL 20100528)
[    0.000000] ACPI: FACS 0x00000000DFFF0000004
[   0.000] CP: FACS 0x0000000FF02 000040
[   0.0000] ACPI: APIC 0x00000000DFFF0240 0005C(v2 BO  VBOXAPIC 00000001 ASL  00000061)
[    0.000000] ACPI: SSDT 0x00000000DFFF02A0 0001CC (v01 VBOX   VBOXCPUT 00000INTL 1028)
[   00000] NNUA onfiguration found
[    0.000000] Faking a node at [mem 0x0000000000000000-0x000000011fffffff]
[    0.000000] NODE_DATA(0) allocated [mem 0x11fff7000-0x11fffbfff]
[    0.000000] kvm-clock: Using msrs 4b564d01 and 4b564d00
[    0.000000] kvm-clock: cpu 0, msr 1:1ffef001, primary pu clck
[   00000] kvm-clock: using sched offset of 3964122204 cycl
   0.000000] clocksource: kvm-clock: mask: 0xffffffffffff max_cycles 0cd42e4df, ax_les: 8815905983ns
[    .000] Zoneans:
[    0.0000]   DMA      me0x0000000000010-0000000000ffffff
  0.000000  MA2   [m x000000001000-0x0000ffffffff
  0.000000]  Nrmal  em0x000010000000-0x000000011fffffff]
[    0.000000]   evce   mp
    .000] Moab zne strtor each node
[    0.000000] Early mmory deanges
[  0000000]   nod   0: [mem 0x0000000000001000-0x000000000009efff]
[    0.000000]   node   0: [me 0x00000000100000-0x00000000ffff]
[    0.000000]   node   0: [mem 0x0000000100000000-0x000000011fffffff]
[    0.000000] Initmemsep node0 em0x000000000000x00001fffffff]
[   0.000] ACI:M-Tir O rt0x4008[   0.000] IOAPIC[: pi_i2,versn 2,address0xc000, I -23
[    0.00000] ACP: NT_SRC_OVR (bus 0 bus_irq 0 global_irq 2 dfl dfl)
[    0.00000] ACPI: INT_SRC_OVR (bus 0 bus_irq 9 global_irq 9 low level)
[    0.000000] Using ACPI (MADT) for SMP configuration information
[    0.000000] smpboot: Allowing 2 CPUs, 0 hotplug CPUs
[    0.000000] PM: Registered nosave memory: [mem 0x00000000-0x00000fff]
[    0.000000] PM: Registered nosave memory: [mem 0x0009f000-0x0009ffff]
[    0.000000] PM: Registerd osave memor [em 000000-0x000effff]
[  0000000]PMRegistedosave memry[mm 0x00f0000x00fffff]
[    0.000000] PM: Registered nosa mmoy: [m 0dff000-0xdfffffff]
[    0.000000] PM: Registered nosave memory: [mem 0xe0000000-0xfebfffff]
[    0.000000] PM: Registered nosave memory: [mem 0fe00000-0xfec00fff]
[    0.000000] PM: Registered nosave memory: [mem 0xf0100-0xfdfffff]
[    0.0000] PM: Registered nosave mmoy:[mem 0fee000-0xfee00fff]
[    0.000000]M: egisered nosave mmory: [mem 0xfee01000-0xfffffff]
[    .000000] PM: Regstered nosave memory: [mem 0xfffc0000-0xffffffff]
[    0.000000] e820: [mem 0xe0000000-0xfebfffff] available for PCI devices
[    0.000000] Booting paravirtualized kernel on KVM
[    000000] clocksource: refined-jiffis: mask: 0xffffffff max_cycles: 0xfffffff, max_idle_ns: 764551960211568 ns
[    0.000000] setup_percpu: NR_CPUS:512 nr_ppumask_bits:512 n_cpu_ids:2 nr_node_ids:1
[    0.00000] PERCPU: Embedded 4 pages/cpu @ffff88011fc00000 s99544 r8192 d1528 u1048576
[    0.000000] PV qspinlock hash table entries: 256 (order: 0,409 bytes)
[    0.000000] Built 1 zonelists in Node order, mbility gropig on. Ttal ages: 1032056
[    0.00000 Policy zone: Normal
[    0.000000] Kernel command line: BOOT_IMAGE=/boot/vmlinuz-4.4.0-127-generic root=UUID=08cdc44e-6947-4c8c-9e6b-f5b15d5361b5 ro console=tty1 console=ttyS0
[    .00000] PID hash table entrie: 096(order: 3, 32768 bytes)
[    0.000000] Memory:40762K/4193848K available (8537 kernel code, 1313K rwdata, 4000K rodata 1512K it, 1316K bss, 166176K reserved, 0K ca-reseved)
[   0.000000] SLUB: HWalign=4, rder0-3, MinObjcts=0, CPUs=2, Nods=1
[    0.000000] Kene/User age tales isolatin: enabled
[    0.000000] HerarchicaRCU impleentaton.
[    0.0000] 	Buildtime adusmen o laf fanout to 64.
[    0.0000 	RCUrerictingCPs rom NR_CPUS=12 tonrcpu_ids=2.
[  0.000000] RCU: Adjusting geometry for rcu_fanout_leaf=64, nr_cpu_ds=2
[    0.00000] NR_IQS334 nr_irq:40 16
[   0.0000ConslecolourGA 80x25
[   00000]cosol [tty1 eabd
[    0.000000 console [ttyS0] enabled
[    0.000000] tsc: Detected 2899.998 MHz processor
[    9.049150] Calibrating delay loop (skipped) preset value.. 5799.99 BogoMIPS (lpj=11599992)
[    9.075087] pid_max: default: 32768 minimum: 301
[    9.111807] ACPI: Core revision 20150930
[    9.136426] ACPI: 2 ACPI AML tables successfully acquired and loaded
[    9.150039] Security Framework initialized
[    9.164690] Yama: becoming mindful.
[    9.169784] AppArmor: AppArmor initialized
[    9.215348] Dentry cache hash table entries: 524288 (order: 10, 4194304 bytes)
[    9.264111] Inode-cache hash table entries: 262144 (order: 9, 2097152 bytes)
[    9.309945] Mount-cache hash table entries: 8192 (order: 4, 65536 bytes)
[    9.360705] Mountpoint-cache hash table entries: 8192 (order: 4, 65536 bytes)
[    9.402617] Initializing cgroup subsys io
[    9.452493] Initializing cgroup subsys memory
[    9.525206] Initializing cgroup subsys devices
[    9.569062] Initializing cgroup subsys freezer
[    9.602428] Initializing cgroup subsys net_cls
[    9.633229] Initializing cgroup subsys perf_event
[    9.671593] Initializing cgroup subsys net_prio
[    9.696293] Initializing cgroup subsys hugetlb
[    9.722937] Initializing cgroup subsys pids
[    9.753453] CPU: Physical Processor ID: 0
[    9.801263] CPU: Processor Core ID: 0
[    9.818477] mce: CPU supports 0 MCE banks
[    9.865882] Last level iTLB entries: 4KB 64, 2MB 8, 4MB 8
[    9.889106] Last level dTLB entries: 4KB 64, 2MB 0, 4MB 0, 1GB 4
[    9.932507] Spectre V2 : Mitigation: Full generic retpoline
[    9.956474] Spectre V2 : Speculation control IBPB not-supported IBRS not-supported
[   10.004978] Speculative Store Bypass: Vulnerable
[   10.014784] Freeing SMP alternatives memory: 32K
[   10.045602] ftrace: allocating 32237 entries in 126 pages
[   10.325003] smpboot: APIC(0) Converting physical 0 to logical package 0
[   10.381529] smpboot: Max logical packages: 1
[   10.416506] x2apic enabled
[   10.442810] Switched APIC routing to physical x2apic.
[   10.462575] ..TIMER: vector=0x30 apic1=0 pin1=2 apic2=-1 pin2=-1
[   10.605651] APIC calibration not consistent with PM-Timer: 102ms instead of 100ms
[   10.669448] APIC delta adjusted to PM-Timer: 6249264 (6382314)
[   10.711027] smpboot: CPU0: Intel(R) Core(TM) i5-5287U CPU @ 2.90GHz (family: 0x6, model: 0x3d, stepping: 0x4)
[   10.765392] Performance Events: unsupported p6 CPU model 61 no PMU driver, software events only.
[   10.859361] KVM setup paravirtual spinlock
[   10.884606] x86: Booting SMP configuration:
[   10.931687] .... node  #0, CPUs:      #1
[   10.987675] kvm-clock: cpu 1, msr 1:1ffef041, secondary cpu clock
[   11.002354] mce: CPU supports 0 MCE banks
[   11.007809] x86: Booted up 1 node, 2 CPUs
[   11.038626] smpboot: Total of 2 processors activated (11599.99 BogoMIPS)
[   11.070962] devtmpfs: initialized
[   11.084881] evm: security.selinux
[   11.124083] evm: security.SMACK64
[   11.139605] evm: security.SMACK64EXEC
[   11.159381] evm: security.SMACK64TRANSMUTE
[   11.180033] evm: security.SMACK64MMAP
[   11.184009] evm: security.ima
[   11.191796] evm: security.capability
[   11.237130] clocksource: jiffies: mask: 0xffffffff max_cycles: 0xffffffff, max_idle_ns: 7645041785100000 ns
[   11.290339] futex hash table entries: 512 (order: 3, 32768 bytes)
[   11.296457] pinctrl core: initialized pinctrl subsystem
[   11.310346] RTC time:  9:53:47, date: 06/03/18
[   11.325167] NET: Registered protocol family 16
[   11.350872] cpuidle: using governor ladder
[   11.378772] cpuidle: using governor menu
[   11.390273] PCCT header not found.
[   11.400657] ACPI: bus type PCI registered
[   11.404122] acpiphp: ACPI Hot Plug PCI Controller Driver version: 0.5
[   11.421580] PCI: Using configuration type 1 for base access
[   11.454157] ACPI: Added _OSI(Module Device)
[   11.472486] ACPI: Added _OSI(Processor Device)
[   11.487019] ACPI: Added _OSI(3.0 _SCP Extensions)
[   11.514822] ACPI: Added _OSI(Processor Aggregator Device)
[   11.532391] ACPI: Executed 1 blocks of module-level executable AML code
[   11.573271] ACPI: Interpreter enabled
[   11.586221] ACPI: (supports S0 S5)
[   11.603093] ACPI: Using IOAPIC for interrupt routing
[   11.617224] PCI: Using host bridge windows from ACPI; if necessary, use "pci=nocrs" and report a bug
[   11.653921] ACPI: PCI Root Bridge [PCI0] (domain 0000 [bus 00-ff])
[   11.659491] acpi PNP0A03:00: _OSC: OS supports [ASPM ClockPM Segments MSI]
[   11.671966] acpi PNP0A03:00: _OSC: not requesting OS control; OS requires [ExtendedConfig ASPM ClockPM MSI]
[   11.721102] acpi PNP0A03:00: fail to add MMCONFIG information, can't access extended PCI configuration space under this bridge.
[   11.764800] PCI host bridge to bus 0000:00
[   11.796712] pci_bus 0000:00: root bus resource [io  0x0000-0x0cf7 window]
[   11.800830] pci_bus 0000:00: root bus resource [io  0x0d00-0xffff window]
[   11.814483] pci_bus 0000:00: root bus resource [mem 0x000a0000-0x000bffff window]
[   11.845492] pci_bus 0000:00: root bus resource [mem 0xe0000000-0xfdffffff window]
[   11.884171] pci_bus 0000:00: root bus resource [bus 00-ff]
[   11.915632] pci 0000:00:01.1: legacy IDE quirk: reg 0x10: [io  0x01f0-0x01f7]
[   11.969024] pci 0000:00:01.1: legacy IDE quirk: reg 0x14: [io  0x03f6]
[   12.023996] pci 0000:00:01.1: legacy IDE quirk: reg 0x18: [io  0x0170-0x0177]
[   12.062021] pci 0000:00:01.1: legacy IDE quirk: reg 0x1c: [io  0x0376]
[   12.159611] pci 0000:00:07.0: quirk: [io  0x4000-0x403f] claimed by PIIX4 ACPI
[   12.204426] pci 0000:00:07.0: quirk: [io  0x4100-0x410f] claimed by PIIX4 SMB
[   12.285804] ACPI: PCI Interrupt Link [LNKA] (IRQs 5 9 10 *11)
[   12.336923] ACPI: PCI Interrupt Link [LNKB] (IRQs 5 9 *10 11)
[   12.398636] ACPI: PCI Interrupt Link [LNKC] (IRQs 5 *9 10 11)
[   12.434036] ACPI: PCI Interrupt Link [LNKD] (IRQs 5 9 10 *11)
[   12.560182] ACPI: Enabled 2 GPEs in block 00 to 07
[   12.617600] vgaarb: setting as boot device: PCI:0000:00:02.0
[   12.657131] vgaarb: device added: PCI:0000:00:02.0,decodes=io+mem,owns=io+mem,locks=none
[   12.715879] vgaarb: loaded
[   12.733041] vgaarb: bridge control possible 0000:00:02.0
[   12.746913] SCSI subsystem initialized
[   12.764516] ACPI: bus type USB registered
[   12.765969] usbcore: registered new interface driver usbfs
[   12.799817] usbcore: registered new interface driver hub
[   12.802878] usbcore: registered new device driver usb
[   12.877241] PCI: Using ACPI for IRQ routing
[   12.947209] NetLabel: Initializing
[   12.965450] NetLabel:  domain hash size = 128
[   12.990020] NetLabel:  protocols = UNLABELED CIPSOv4
[   13.000581] NetLabel:  unlabeled traffic allowed by default
[   13.048216] amd_nb: Cannot enumerate AMD northbridges
[   13.086425] clocksource: Switched to clocksource kvm-clock
[   13.149208]ApArmor: ApAorilsyst Eabd  135490] pnp: PnP ACPI init
[  137127pn P API: fund 3 devices

[   14.056773] clocksource: acpi_pm: mask: 0xffffff max_cycles: 0xffffff, max_idle_ns: 2085701024 ns
[   14.115480] NET: Registered protocol family 2
[   14.117048] TCP established hash table entries: 32768 (order: 6, 262144 bytes)
[   14.274126] TCP bind hash table entries: 32768 (order: 7, 524288 bytes)
[   14.340968] TCP: Hash tables configured (established 32768 bind 32768)
[   14.412695] UDP hash table entries: 2048 (order: 4, 65536 bytes)
[   14.435670] UDP-Lite hash table entries: 2048 (order: 4, 65536 bytes)
[   14.531350] NET: Registered protocol family 1
[   14.569313] pci 0000:00:00.0: Limiting direct PCI/PCI transfers
[   14.702328] pci 0000:00:01.0: Activating ISA DMA hang workarounds
[   14.730559] Unpacking initramfs...
[   15.015326] Freeing initrd memory: 15360K
[   15.071194] PCI-DMA: Using software bounce buffering for IO (SWIOTLB)
[   15.150023] software IO TLB [mem 0xdbff0000-0xdfff0000] (64MB) mapped at [ffff8800dbff0000-ffff8800dffeffff]
[   15.258416] RAPL PMU detected, API unit is 2^-32 Joules, 4 fixed counters 10737418240 ms ovfl timer
[   15.279886] hw unit of domain pp0-core 2^-0 Joules
[   15.352638] hw unit of domain package 2^-0 Joules
[   15.355861] hw unit of domain dram 2^-0 Joules
[   15.380847] hw unit of domain pp1-gpu 2^-0 Joules
[   15.386159] platform rtc_cmos: registered platform RTC device (no PNP device found)
[   15.388760] Scanning for low memory corruption every 60 seconds
[   15.403896] audit: initializing netlink subsys (disabled)
[   15.443267] audit: type=2000 audit(1528019624.735:1): initialized
[   15.460303] Initialise system trusted keyring
[   15.482500] HugeTLB registered 2 MB page size, pre-allocated 0 pages
[   15.494657] zbud: loaded
[   15.513178] VFS: Disk quotas dquot_6.6.0
[   15.599701] VFS: Dquot-cache hash table entries: 512 (order 0, 4096 bytes)
[   15.663522] squashfs: version 4.0 (2009/01/31) Phillip Lougher
[   15.666155] fuse init (API version 7.23)
[   15.715953] Key type big_key registered
[   15.730405] Allocating IMA MOK and blacklist keyrings.
[   15.742382] Key type asymmetric registered
[   15.827732] Asymmetric key parser 'x509' registered
[   15.912003] Block layer SCSI generic (bsg) driver version 0.4 loaded (major 249)
[   16.033201] io scheduler noop registered
[   16.118107] io scheduler deadline registered (default)
[   16.207318] io scheduler cfq registered
[   16.232199] pci_hotplug: PCI Hot Plug PCI Core version: 0.5
[   16.292667] pciehp: PCI Express Hot Plug Controller Driver version: 0.4
[   16.367408] ACPI: AC Adapter [AC] (off-line)
[   16.440833] tsc: Refined TSC clocksource calibration: 2899.999 MHz
[   16.488234] clocksource: tsc: mask: 0xffffffffffffffff max_cycles: 0x29cd420d9ea, max_idle_ns: 440795262284 ns
[   16.488389] input: Power Button as /devices/LNXSYSTM:00/LNXPWRBN:00/input/input0
[   16.488392] ACPI: Power Button [PWRF]
[   16.488478] input: Sleep Button as /devices/LNXSYSTM:00/LNXSLPBN:00/input/input1
[   16.488480] ACPI: Sleep Button [SLPF]
[   16.653312] ACPI: Battery Slot [BAT0] (battery present)
[   16.653350] GHES: HEST is not enabled!
[   16.656047] Serial: 8250/16550 driver, 32 ports, IRQ sharing enabled
[   16.680416] 00:02: ttyS0 at I/O 0x3f8 (irq = 4, base_baud = 115200) is a 16550A
[   16.734297] Linux agpgart interface v0.103
[   16.759663] loop: module loaded
[   16.760195] scsi host0: ata_piix
[   16.760246] scsi host1: ata_piix
[   16.760272] ata1: PATA max UDMA/33 cmd 0x1f0 ctl 0x3f6 bmdma 0xd000 irq 14
[   16.760273] ata2: PATA max UDMA/33 cmd 0x170 ctl 0x376 bmdma 0xd008 irq 15
[   16.760344] libphy: Fixed MDIO Bus: probed
[   16.760346] tun: Universal TUN/TAP device driver, 1.6
[   16.760347] tun: (C) 1999-2004 Max Krasnyansky <maxk@qualcomm.com>
[   16.760749] PPP generic driver version 2.4.2
[   16.760807] ehci_hcd: USB 2.0 'Enhanced' Host Controller (EHCI) Driver
[   16.760811] ehci-pci: EHCI PCI platform driver
[   16.760821] ehci-platform: EHCI generic platform driver
[   16.760828] ohci_hcd: USB 1.1 'Open' Host Controller (OHCI) Driver
[   16.760830] ohci-pci: OHCI PCI platform driver
[   16.760838] ohci-platform: OHCI generic platform driver
[   16.760843] uhci_hcd: USB Universal Host Controller Interface driver
[   16.760893] i8042: PNP: PS/2 Controller [PNP0303:PS2K,PNP0f03:PS2M] at 0x60,0x64 irq 1,12
[   16.761320] serio: i8042 KBD port at 0x60,0x64 irq 1
[   16.761324] serio: i8042 AUX port at 0x60,0x64 irq 12
[   16.761409] mousedev: PS/2 mouse device common for all mice
[   16.761686] input: AT Translated Set 2 keyboard as /devices/platform/i8042/serio0/input/input2
[   16.762057] rtc_cmos rtc_cmos: rtc core: registered rtc_cmos as rtc0
[   16.762122] rtc_cmos rtc_cmos: alarms up to one day, 114 bytes nvram
[   16.762129] i2c /dev entries driver
[   16.762191] device-mapper: uevent: version 1.0.3
[   16.762254] device-mapper: ioctl: 4.34.0-ioctl (2015-10-28) initialised: dm-devel@redhat.com
[   16.762274] ledtrig-cpu: registered to indicate activity on CPUs
[   16.762582] NET: Registered protocol family 10
[   16.762720] NET: Registered protocol famil  17
[   16.762729] Key type dns_resolver registered
[   16.762929] registered taskstats version 1
[   16.762945] Loading compiled-in X.509 certificates
[   16.763483] Loaded X.509 cert 'Build time autogenerated kernel key: 9f6f572a3ee0cb468eb8db4aa61815bc74ef6adb'
[   16.763497] zswap: loaded using pool lzo/zbud
[   16.765238] Key type trusted registered
[   16.767557] Key type encrypted registered
[   16.767563] AppArmor: AppArmor sha1 policy hashing enabled
[   16.767566] ima: No TPM chip found, activating TPM-bypass!
[   16.767581] evm: HMAC attrs: 0x1
[   16.767903]   Magic number: 6:516:878
[   16.783086] rtc_cmos rtc_cmos: setting system clock to 2018-06-03 09:53:52 UTC (1528019632)
[   16.783209] BIOS EDD facility v0.16 2004-Jun-25, 0 devices found
[   16.783209] EDD information not available.
[   18.254769] Freeing unused kernel memory: 1512K
[   19.093844] Write protecting the kernel read-only data: 14336k
[   19.167235] Freeing unused kernel memory: 1692K
[   19.189437] Freeing unused kernel memory: 96K
Loading, please wait...
[   19.271664] random: systemd-udevd: uninitialized urandom read (16 bytes read, 9 bits of entropy available)
starting version[   19.272327] random: udevadm: uninitialized urandom read (16 bytes read, 9 bits of entropy available)
 229
[   19.272455] random: udevadm: uninitialized urandom read (16 bytes read, 9 bits of entropy available)
[   19.285059] random: udevadm: uninitialized urandom read (16 bytes read, 9 bits of entropy available)
[   19.285112] random: udevadm: uninitialized urandom read (16 bytes read, 9 bits of entropy available)
[   19.285280] random: udevadm: uninitialized urandom read (16 bytes read, 9 bits of entropy available)
[   19.285368] random: udevadm: uninitialized urandom read (16 bytes read, 9 bits of entropy available)
[   19.285436] random: udevadm: uninitialized urandom read (16 bytes read, 9 bits of entropy available)
[   19.285510] random: udevadm: uninitialized urandom read (16 bytes read, 9 bits of entropy available)
[   19.285573] random: udevadm: uninitialized urandom read (16 bytes read, 9 bits of entropy available)
[   20.296787] e1000: Intel(R) PRO/1000 Network Driver - version 7.3.21-k8-NAPI
[   20.324355] e1000: Copyright (c) 1999-2006 Intel Corporation.
[   20.347838] Fusion MPT base driver 3.04.20
[   20.366403] Copyright (c) 1999-2008 LSI Corporation
[   20.442525] Fusion MPT SPI Host driver 3.04.20
[   20.468819] AVX2 version of gcm_enc/dec engaged.
[   20.478628] AES CTR mode by8 optimization enabled
[   20.635609] input: ImExPS/2 Generic Explorer Mouse as /devices/platform/i8042/serio1/input/input4
[   20.919652] e1000 0000:00:03.0 eth0: (PCI:33MHz:32-bit) 02:17:54:81:c3:1e
[   20.997587] e1000 0000:00:03.0 eth0: Intel(R) PRO/1000 Network Connection
[   21.089654] e1000 0000:00:03.0 enp0s3: renamed from eth0
[   21.155647] mptbase: ioc0: Initiating bringup
[   21.302275] ioc0: LSI53C1030 A0: Capabilities={Initiator}
[   22.293896] scsi host2: ioc0: LSI53C1030 A0, FwRev=00000000h, Ports=1, MaxQ=256, IRQ=20
[   23.122251] scsi 2:0:0:0: Direct-Access     VBOX     HARDDISK         1.0  PQ: 0 ANSI: 5
[   23.524658] scsi target2:0:0: Beginning Domain Validation
[   23.559241] scsi target2:0:0: Domain Validation skipping write tests
[   23.584742] scsi target2:0:0: Ending Domain Validation
[   23.600425] scsi target2:0:0: asynchronous
[   23.615100] scsi 2:0:1:0: Direct-Access     VBOX     HARDDISK         1.0  PQ: 0 ANSI: 5
[   24.510883] scsi target2:0:1: Beginning Domain Validation
[   24.518062] scsi target2:0:1: Domain Validation skipping write tests
[   24.531237] scsi target2:0:1: Ending Domain Validation
[   24.551383] scsi target2:0:1: asynchronous
[   24.641596] sd 2:0:0:0: [sda] 20971520 512-byte logical blocks: (10.7 GB/10.0 GiB)
[   24.641772] sd 2:0:0:0: Attached scsi generic sg0 type 0
[   24.653133] sd 2:0:1:0: [sdb] 20480 512-byte logical blocks: (10.5 MB/10.0 MiB)
[   24.653429] sd 2:0:1:0: [sdb] Write Protect is off
[   24.653606] sd 2:0:1:0: [sdb] Incomplete mode parameter data
[   24.653607] sd 2:0:1:0: [sdb] Assuming drive cache: write through
[   24.653685] sd 2:0:1:0: Attached scsi generic sg1 type 0
[   24.661281] sd 2:0:1:0: [sdb] Attached SCSI disk
[   24.879797] sd 2:0:0:0: [sda] Write Protect is off
[   24.887362] sd 2:0:0:0: [sda] Incomplete mode parameter data
[   24.948605] sd 2:0:0:0: [sda] Assuming drive cache: write through
[   25.010917]  sda: sda1
[   25.026055] sd 2:0:0:0: [sda] Attached SCSI disk
Begin: Loading e[   26.438208] md: linear personality registered for level -1
ssential drivers[   26.543821] md: multipath personality registered for level -4
 ... [   26.648207] md: raid0 personality registered for level 0
[   26.770058] md: raid1 personality registered for level 1
[   26.918538] raid6: sse2x1   gen()  9210 MB/s
[   27.002372] raid6: sse2x1   xor()  3803 MB/s
[   27.126795] raid6: sse2x2   gen()  6750 MB/s
[   27.262474] raid6: sse2x2   xor()  8264 MB/s
[   27.394529] raid6: sse2x4   gen() 14887 MB/s
[   27.518413] raid6: sse2x4   xor()  6773 MB/s
[   27.602465] raid6: avx2x1   gen() 18313 MB/s
[   27.722528] raid6: avx2x2   gen() 22439 MB/s
[   27.798404] raid6: avx2x4   gen() 25381 MB/s
[   27.868790] raid6: using algorithm avx2x4 gen() 25381 MB/s
[   27.880402] raid6: using avx2x2 recovery algorithm
[   27.883634] xor: automatically using best checksumming function:
[   28.042340]    avx       : 17669.000 MB/sec
[   28.063758] async_tx: api initialized (async)
[   28.135414] md: raid6 personality registered for level 6
[   28.198579] md: raid5 personality registered for level 5
[   28.225398] md: raid4 personality registered for level 4
[   28.274044] md: raid10 personality registered for level 10
done.
Begin: Running /scripts/init-premount ... done.
Begin: Mounting[   28.364047] Btrfs loaded
 root file system ... Begin: Running /scripts/local-top ... done.
Begin: Running /scripts/local-premount ... Scanning for Btrfs filesystems
done.
Warning: fsck no[   28.403404] EXT4-fs (sda1): mounted filesystem with ordered data mode. Opts: (null)
t present, so skipping root file system
done.
Begin: Running /scripts/local-bottom ... done.
Begin: Running /scripts/init-bottom ... done.
[   28.686673] systemd[1]: systemd 229 running in system mode. (+PAM +AUDIT +SELINUX +IMA +APPARMOR +SMACK +SYSVINIT +UTMP +LIBCRYPTSETUP +GCRYPT +GNUTLS +ACL +XZ -LZ4 +SECCOMP +BLKID +ELFUTILS +KMOD -IDN)
[   28.777061] systemd[1]: Detected virtualization oracle.
[   28.822174] systemd[1]: Detected architecture x86-64.

Welcome to [1mUbuntu 16.04.4 LTS[0m!

[   28.925459] systemd[1]: Set hostname to <ubuntu-xenial>.
[   29.209900] random: nonblocking pool is initialized
[   29.263271] systemd[1]: Created slice User and Session Slice.
[[0;32m  OK  [0m] Created slice User and Session Slice.
[   29.414933] systemd[1]: Reached target Encrypted Volumes.
[[0;32m  OK  [0m] Reached target Encrypted Volumes.
[   29.471197] systemd[1]: Reached target System Time Synchronized.
[[0;32m  OK  [0m] Reached target System Time Synchronized.
[   29.518766] systemd[1]: Listening on /dev/initctl Compatibility Named Pipe.
[[0;32m  OK  [0m] Listening on /dev/initctl Compatibility Named Pipe.
[   29.627011] systemd[1]: Reached target User and Group Name Lookups.
[[0;32m  OK  [0m] Reached target User and Group Name Lookups.
[   29.749948] systemd[1]: Started Trigger resolvconf update for networkd DNS.
[[0;32m  OK  [0m] Started Trigger resolvconf update for networkd DNS.
[   29.818855] systemd[1]: Reached target Swap.
[[0;32m  OK  [0m] Reached target Swap.
[   29.911374] systemd[1]: Started Forward Password Requests to Wall Directory Watch.
[[0;32m  OK  [0m] Started Forward Password Requests to Wall Directory Watch.
[   30.015614] systemd[1]: Listening on LVM2 poll daemon socket.
[[0;32m  OK  [0m] Listening on LVM2 poll daemon socket.
[   30.171508] systemd[1]: Set up automount Arbitrary Executable File Formats File System Automount Point.
[[0;32m  OK  [0m] Set up automount Arbitrary Executab...ats File System Automount Point.
[   30.275462] systemd[1]: Created slice System Slice.
[[0;32m  OK  [0m] Created slice System Slice.
[   30.353119] systemd[1]: Reached target Slices.
[[0;32m  OK  [0m] Reached target Slices.
[   30.451394] systemd[1]: Created slice system-serial\x2dgetty.slice.
[[0;32m  OK  [0m] Created slice system-serial\x2dgetty.slice.
[   30.576298] systemd[1]: Listening on Syslog Socket.
[[0;32m  OK  [0m] Listening on Syslog Socket.
[   30.603842] systemd[1]: Listening on Journal Socket (/dev/log).
[[0;32m  OK  [0m] Listening on Journal Socket (/dev/log).
[   30.682890] systemd[1]: Listening on Journal Socket.
[[0;32m  OK  [0m] Listening on Journal Socket.
[   30.787147] systemd[1]: Starting Remount Root and Kernel File Systems...
[   30.802530] EXT4-fs (sda1): re-mounted. Opts: (null)
         Starting Remount Root and Kernel File Systems...
[   30.971428] systemd[1]: Starting Uncomplicated firewall...
         Starting Uncomplicated firewall...
[   31.021191] systemd[1]: Starting Set console keymap...
         Starting Set console keymap...
[   31.066597] systemd[1]: Starting Nameserver information manager...
         Starting Nameserver information manager...
[   31.154763] systemd[1]: Mounting Huge Pages File System...
         Mounting Huge Pages File System...
[   31.275887] systemd[1]: Mounting Debug File System...
         Mounting Debug File System...
[   31.309030] systemd[1]: Mounting POSIX Message Queue File System...
         Mounting POSIX Message Queue File System...
[   31.388919] systemd[1]: Listening on Device-mapper event daemon FIFOs.
[[0;32m  OK  [0m] Listening on Device-mapper event daemon FIFOs.
[   31.463210] systemd[1]: Listening on udev Control Socket.
[[0;32m  OK  [0m] Listening on udev Control Socket.
[   31.523145] systemd[1]: Listening on Journal Audit Socket.
[[0;32m  OK  [0m] Listening on Journal Audit Socket.
[   31.611156] systemd[1]: Listening on LVM2 metadata daemon socket.
[[0;32m  OK  [0m] Listening on LVM2 metadata daemon socket.
[   31.662936] systemd[1]: Starting Monitoring of LVM2 mirrors, snapshots etc. using dmeventd or progress polling...
         Starting Monitoring of LVM2 mirrors... dmeventd or progress polling...
[   31.762902] systemd[1]: Starting Create list of required static device nodes for the current kernel...
         Starting Create list of required st... nodes for the current kernel...
[   31.947271] systemd[1]: Starting Load Kernel Modules...
[   31.959388] oaing iSCSI transpot class 2.87
         Startin[   32.195965] iscsi: registered transport (tcp)
g Load Kernel Modules...
[   32.295221] iscsi: registered transport (iser)
[   32.379302] systemd[1]: Starting Journal Service...
         Starting Journal Service...
[   32.415187] systemd[1]: Listening on udev Kernel Socket.
[[0;32m  OK  [0m] Listening on udev Kernel Socket.
[   32.499734] systemd[1]: Mounted Huge Pages File System.
[[0;32m  OK  [0m] Mounted Huge Pages File System.
[   32619228] systemd[1]: Mound bug Fie st.
[[0;32m  OK  [0m] Mounted Debug File System.
[   32.928] sstem[1: unedOSIX esgeQueueFi Ste.
[[0;32m  OK  [0m] Mounted POSIX Message Queue File System.
[ 3360270 ste[1]: Started Journal Service.

[[0;32m  OK  [0m] Started Journal Service.
[[0;32m  OK  [0m] Started Remount Root and Kernel File Systems.
[[0;32m  OK  [0m] Started Uncomplicated firewall.
[[0;32m  OK  [0m] Started Set console keymap.
[[0;32m  OK  [0m] Started Create list of required sta...ce nodes for the current kernel.
[[0;32m  OK  [0m] Started Load Kernel Modules.
[[0;32m  OK  [0m] Started Nameserver information manager.
[[0;32m  OK  [0m] Started LVM2 metadata daemon.
         Starting Apply Kernel Variables...
         Mounting FUSE Control File System...
         Starting Create Static Device Nodes in /dev...
         Starting udev Coldplug all Devices...
         Starting Load/Save Random Seed...
         Starting Flush Journal to Persistent Storage...
[[0;32m  OK  [0m] Mounted FUSE Control File System.
[[0;32m  OK  [0m] Started Monitoring of LVM2 mirrors,...ng dmeventd or progress polling.
[[0;32m  OK  [0m] Started Apply Kernel Variables.
[[0;32m  OK  [0m] Started Create Static Device Nodes in /dev.
[[0;32m  OK  [0m] Started Load/Save Random Seed.
[[0;32m  OK  [0m] Started udev Coldplug all Devices.
[[0;32m  OK  [0m] Started Flush Journal to Persistent Storage.
         Starting udev Kernel Device Manager...
[[0;32m  OK  [0m] Started udev Kernel Device Manager.
[[0;32m  OK  [0m] Started Dispatch Password Requests to Console Directory Watch.
[[0;32m  OK  [0m] Reached target Local File Systems (Pre).
[[0;32m  OK  [0m] Reached target Local File Systems.
         Starting LSB: AppArmor initialization...
         Starting Initial cloud-init job (pre-networking)...
         Starting Create Volatile Files and Directories...
         Starting Tell Plymouth To Write Out Runtime Data...
         Starting Set console font and keymap...
[[0;32m  OK  [0m] Started Create Volatile Files and Directories.
[[0;32m  OK  [0m] Started Tell Plymouth To Write Out Runtime Data.
[[0;32m  OK  [0m] Found device /dev/ttyS0.
[[0;32m  OK  [0m] Listening on Load/Save RF Kill Switch Status /dev/rfkill Watch.
         Starting Update UTMP about System Boot/Shutdown...
[[0;32m  OK  [0m] Started LSB: AppArmor initialization.
[   24.203782] cloud-init[499]: Cloud-init v. 18.2 running 'init-local' at Sun, 03 Jun 2018 09:54:11 +0000. Up 23.74 seconds.
[[0;32m  OK  [0m] Started Set console font and keymap.
[[0;32m  OK  [0m] Started Initial cloud-init job (pre-networking).
[[0;32m  OK  [0m] Found device 82540EM Gigabit Ethern...r (PRO/1000 MT Desktop Adapter).
[[0;32m  OK  [0m] Started Update UTMP about System Boot/Shutdown.
[[0;32m  OK  [0m] Reached target Network (Pre).
[[0;32m  OK  [0m] Created slice system-getty.slice.
         Starting Raise network interfaces...
[[0;32m  OK  [0m] Started ifup for enp0s3.
[[0;32m  OK  [0m] Started Raise network interfaces.
[[0;32m  OK  [0m] Reached target Network.
         Starting Initial cloud-init job (metadata service crawler)...
[   26.050368] cloud-init[988]: Cloud-init v. 18.2 running 'init' at Sun, 03 Jun 2018 09:54:13 +0000. Up 25.54 seconds.
[[0;32m  OK  [0m] Started Initial cloud-init job (metadata service crawler).
[[0;32m  OK  [0m[   26.134628] ] cloud-initReached target Cloud-config availability.[988]: 
ci-info: +++++++++++++++++++++++++++++++++++++Net device info++++++++++++++++++++++++++++++++++++++
[[0;32m  OK  [0m] Reached target Network is Online.
[   26.364694] cloud-init[988]: ci-info: +--------+------+----------------------------+---------------+-------+-------------------+
[   26.527118]          Starting iSCSI initiator daemon (iscsid)...
cloud-init[988]: ci-info: | Device |  Up  |          Address           |      Mask     | Scope |     Hw-Address    |
[   26.700732] [cloud-init[0;32m  OK  [0m[988]: ] ci-info: +--------+------+----------------------------+---------------+-------+-------------------+Reached target System Initialization.

[   26.839016] [cloud-init[0;32m  OK  [0m[988]: ] ci-info: | enp0s3 | True |         10.0.2.15          | 255.255.255.0 |   .   | 02:17:54:81:c3:1e |Started Daily apt download activities.

[[0;32m  OK  [0m] Listening on ACPID Listen Socket.
[   26.839759] cloud-init[988]: ci-info: | enp0s3 | True | fe80::17:54ff:fe81:c31e/64 |       .       |  link | 02:17:54:81:c3:1e |
[[0;32m  OK  [0m] Started ACPI Events Check.
[[0;32m  OK  [0m] Reached target Paths.
[   27.112764] cloud-init[988]: ci-info: |   lo   | True |         127.0.0.1          |   255.0.0.0   |   .   |         .         |
[   27.293321]          cloud-initStarting Socket activation for snappy daemon.[988]: 
ci-info: |   lo   | True |          ::1/128           |       .       |  host |         .         |
[   27.427499]          Starting LXD - unix socket.
cloud-init[988]: ci-info: +--------+------+----------------------------+---------------+-------+-------------------+
[   27.548600] cloud-init[988]: ci-info: +++++++++++++++++++++++++++Route IPv4 info++++++++++++++++++++++++++++
[[0;32m  OK  [0m] Started Daily Cleanup of Temporary Directories.
[[0;32m  OK  [0m] Listening on UUID daemon activation socket.
[   27.550325] [cloud-init[0;32m  OK  [0m[988]: ] ci-info: +-------+-------------+----------+---------------+-----------+-------+Listening on D-Bus System Message Bus Socket.

[   27.893373] [cloud-init[0;32m  OK  [0m[988]: ] ci-info: | Route | Destination | Gateway  |    Genmask    | Interface | Flags |Started Daily apt upgrade and clean activities.

[[0;32m  OK  [0m] Reached target Timers.
[   27.894683] cloud-init[988]: ci-info: +-------+-------------+----------+---------------+-----------+-------+
[   28.138363] [cloud-init[0;32m  OK  [0m[988]: ] ci-info: |   0   |   0.0.0.0   | 10.0.2.2 |    0.0.0.0    |   enp0s3  |   UG  |Listening on Socket activation for snappy daemon.

[[0;32m  OK  [0m] Listening on LXD - unix socket.
[   28.164930] cloud-init[988]: ci-info: |   1   |   10.0.2.0  | 0.0.0.0  | 255.255.255.0 |   enp0s3  |   U   |
[[0;32m  OK  [0m] Started iSCSI initiator daemon (iscsid).
[   28.285529]          cloud-initStarting Login to default iSCSI targets...[988]: 
ci-info: +-------+-------------+----------+---------------+-----------+-------+
[[0;32m  OK  [0m] Reached target Sockets.
[[0;32m  OK  [0m] Reached target Basic System.
[[0;32m  OK  [0m] Started D-Bus System Message Bus.
         Starting Accounts Service...
         Starting LSB: MD monitoring daemon...
[[0;32m  OK  [0m] Started FUSE filesystem for LXC.
         Starting Virtualbox guest utils...
         Starting /etc/rc.local Compatibility...
         Starting LSB: Record successful boot for GRUB...
         Starting Apply the settings specified in cloud-config...
[[0;32m  OK  [0m] Started Unattended Upgrades Shutdown.
         Starting OpenBSD Secure Shell server...
[[0;32m  OK  [0m] Started ACPI event daemon.
[[0;32m  OK  [0m] Started Deferred execution scheduler.
         Starting System Logging Service...
         Starting Login Service...
         Starting Snappy daemon...
[[0;32m  OK  [0m] Started Regular background program processing daemon.
         Starting LXD - container startup/shutdown...
[[0;32m  OK  [0m] Started OpenBSD Secure Shell server.
[[0;32m  OK  [0m] Started System Logging Service.
[[0;32m  OK  [0m] Started /etc/rc.local Compatibility.
[[0;32m  OK  [0m] Started Snappy daemon.
[[0;32m  OK  [0m] Started LSB: MD monitoring daemon.
[[0;32m  OK  [0m] Started LXD - container startup/shutdown.
[[0;32m  OK  [0m] Started Login to default iSCSI targets.
[[0;32m  OK  [0m] Started LSB: Record successful boot for GRUB.
[[0;32m  OK  [0m] Started Virtualbox guest utils.
         Starting Authenticate and Authorize Users to Run Privileged Tasks...
[   29.958708] cloud-init[1077]: Cloud-init v. 18.2 running 'modules:config' at Sun, 03 Jun 2018 09:54:17 +0000. Up 29.54 seconds.
[[0;32m  OK  [0m] Reached target Remote File Systems (Pre).
[[0;32m  OK  [0m] Reached target Remote File Systems.
         Starting LSB: daemon to balance interrupts for SMP systems...
         Starting LSB: automatic crash report generation...
         Starting LSB: Set the CPU Frequency Scaling governor to "ondemand"...
         Starting Permit User Sessions...
[[0;32m  OK  [0m] Started Apply the settings specified in cloud-config.
[[0;32m  OK  [0m] Started Permit User Sessions.
[[0;32m  OK  [0m] Started Login Service.
[[0;32m  OK  [0m] Started Authenticate and Authorize Users to Run Privileged Tasks.
[[0;32m  OK  [0m] Started Accounts Service.
[[0;32m  OK  [0m] Created slice User Slice of vagrant.
[[0;32m  OK  [0m] Started Session 1 of user vagrant.
         Starting User Manager for UID 1000...
         Starting Terminate Plymouth Boot Screen...
         Starting Hold until boot process finishes up...
[[0;32m  OK  [0m] Started User Manager for UID 1000.
[[0;32m  OK  [0m] Started LSB: daemon to balance interrupts for SMP systems.
[[0;32m  OK  [0m] Started LSB: automatic crash report generation.
[[0;32m  OK  [0m] Started LSB: Set the CPU Frequency Scaling governor to "ondemand".
[[0;32m  OK  [0m] Started Terminate Plymouth Boot Screen.
[[0;32m  OK  [0m] Started Hold until boot process finishes up.
[[0;32m  OK  [0m] Started Serial Getty on ttyS0.
         Starting Set console scheme...
[[0;32m  OK  [0m] Started Getty on tty1.
[[0;32m  OK  [0m] Reached target Login Prompts.
[[0;32m  OK  [0m] Reached target Multi-User System.
         Starting Execute cloud user/final scripts...
[[0;32m  OK  [0m] Reached target Graphical Interface.
         Starting Update UTMP about System Runlevel Changes...
[[0;32m  OK  [0m] Started Set console scheme.
[[0;32m  OK  [0m] Started Update UTMP about System Runlevel Changes.
[   31.663668] cloud-init[1225]: Cloud-init v. 18.2 running 'modules:final' at Sun, 03 Jun 2018 09:54:19 +0000. Up 31.42 seconds.
[   31.714316] cloud-init[1225]: Cloud-init v. 18.2 finished at Sun, 03 Jun 2018 09:54:19 +0000. Datasource DataSourceNoCloud [seed=/dev/sdb][dsmode=net].  Up 31.63 seconds
[[0;32m  OK  [0m] Started Execute cloud user/final scripts.
[[0;32m  OK  [0m] Reached target Cloud-init target.

Ubuntu 16.04.4 LTS ubuntu-xenial ttyS0

ubuntu-xenial login:          Stn         Stopping Serial Getty on ttyS0...
         Stopping Getty on tty1...
         Stopping Regular background program processing daemon...
         Stopping LXD - container startup/shutdown...
         Stopping OpenBSD Secure Shell server...
         Stopping LSB: Record successful boot for GRUB...
         Stopping D-Bus System Message Bus...
         Stopping Deferred execution scheduler...
         Stopping FUSE filesystem for LXC...
         Stopping LSB: Set the CPU Frequency Scaling governor to "ondemand"...
         Stopping LSB: daemon to balance interrupts for SMP systems...
         Stopping Virtualbox guest utils...
         Stopping Snappy daemon...
         Stopping System Logging Service...
[[0;32m  OK  [0m] Stopped Apply the settings specified in cloud-config.
[[0;32m  OK  [0m] Stopped target Cloud-config availability.
[[0;32m  OK  [0m] Stopped target System Time Synchronized.
[[0;32m  OK  [0m] Unmounted /var/lib/lxcfs.
[[0;32m  OK  [0m] Stopped Accounts Service.
[[0;32m  OK  [0m] Stopped OpenBSD Secure Shell server.
[[0;32m  OK  [0m] Stopped ACPI event daemon.
[[0;32m  OK  [0m] Stopped Deferred execution scheduler.
[[0;32m  OK  [0m] Stopped System Logging Service.
[[0;32m  OK  [0m] Stopped Snappy daemon.
[[0;32m  OK  [0m] Stopped Regular background program processing daemon.
[[0;32m  OK  [0m] Stopped Authenticate and Authorize Users to Run Privileged Tasks.
[[0;32m  OK  [0m] Stopped Serial Getty on ttyS0.
[[0;32m  OK  [0m] Stopped Getty on tty1.
[[0;32m  OK  [0m] Stopped User Manager for UID 1000.
[[0;32m  OK  [0m] Stopped Session 3 of user vagrant.
[[0;32m  OK  [0m] Stopped Unattended Upgrades Shutdown.
[[0;32m  OK  [0m] Stopped D-Bus System Message Bus.
[[0;32m  OK  [0m] Stopped FUSE filesystem for LXC.
[[0;32m  OK  [0m] Stopped LSB: MD monitoring daemon.
[[0;32m  OK  [0m] Stopped LSB: automatic crash report generation.
[[0;32m  OK  [0m] Stopped LXD - container startup/shutdown.
[[0;32m  OK  [0m] Stopped LSB: Record successful boot for GRUB.
[[0;32m  OK  [0m] Stopped LSB: Set the CPU Frequency Scaling governor to "ondemand".
[[0;32m  OK  [0m] Stopped LSB: daemon to balance interrupts for SMP systems.
[[0;32m  OK  [0m] Stopped Virtualbox guest utils.
[[0;32m  OK  [0m] Removed slice User Slice of vagrant.
         Stopping Login Service...
[[0;32m  OK  [0m] Removed slice system-getty.slice.
[[0;32m  OK  [0m] Stopped /etc/rc.local Compatibility.
         Stopping Permit User Sessions...
[[0;32m  OK  [0m] Removed slice system-serial\x2dgetty.slice.
[[0;32m  OK  [0m] Stopped Login Service.
[[0;32m  OK  [0m] Stopped Permit User Sessions.
[[0;32m  OK  [0m] Stopped target Remote File Systems.
[[0;32m  OK  [0m] Stopped target Remote File Systems (Pre).
         Stopping Login to default iSCSI targets...
[[0;32m  OK  [0m] Stopped target Basic System.
[[0;32m  OK  [0m] Stopped target Slices.
[[0;32m  OK  [0m] Stopped target Sockets.
[[0;32m  OK  [0m] Closed Socket activation for snappy daemon.
[[0;32m  OK  [0m] Closed UUID daemon activation socket.
[[0;32m  OK  [0m] Closed Syslog Socket.
[[0;32m  OK  [0m] Closed D-Bus System Message Bus Socket.
[[0;32m  OK  [0m] Closed LXD - unix socket.
[[0;32m  OK  [0m] Closed ACPID Listen Socket.
[[0;32m  OK  [0m] Stopped target Paths.
[[0;32m  OK  [0m] Stopped ACPI Events Check.
[[0;32m  OK  [0m] Stopped Forward Password Requests to Wall Directory Watch.
[[0;32m  OK  [0m] Stopped Dispatch Password Requests to Console Directory Watch.
[[0;32m  OK  [0m] Stopped target System Initialization.
[[0;32m  OK  [0m] Stopped target Encrypted Volumes.
[[0;32m  OK  [0m] Stopped Create Volatile Files and Directories.
[[0;32m  OK  [0m] Stopped target Swap.
         Stopping Load/Save Random Seed...
[[0;32m  OK  [0m] Removed slice User and Session Slice.
[[0;32m  OK  [0m] Stopped target User and Group Name Lookups.
[[0;32m  OK  [0m] Stopped Load/Save Random Seed.
[[0;32m  OK  [0m] Stopped Login to default iSCSI targets.
         Stopping iSCSI initiator daemon (iscsid)...
[[0;32m  OK  [0m] Stopped iSCSI initiator daemon (iscsid).
[[0;32m  OK  [0m] Stopped target Network is Online.
[[0;32m  OK  [0m] Stopped Initial cloud-init job (metadata service crawler).
[[0;32m  OK  [0m] Stopped target Network.
         Stopping Raise network interfaces...
[[0;32m  OK  [0m] Stopped Raise network interfaces.
[[0;32m  OK  [0m] Stopped Apply Kernel Variables.
[[0;32m  OK  [0m] Stopped Load Kernel Modules.
[[0;32m  OK  [0m] Stopped target Network (Pre).
[[0;32m  OK  [0m] Stopped Initial cloud-init job (pre-networking).
[[0;32m  OK  [0m] Stopped target Local File Systems.
         Unmounting /run/user/1000...
         Unmounting /vagrant...
[[0;32m  OK  [0m] Unmounted /run/user/1000.
[[0;32m  OK  [0m] Unmounted /vagrant.
[[0;32m  OK  [0m] Reached target Unmount All Filesystems.
[[0;32m  OK  [0m] Stopped target Local File Systems (Pre).
         Stopping Monitoring of LVM2 mirrors... dmeventd or progress polling...
[[0;32m  OK  [0m] Stopped Create Static Device Nodes in /dev.
[[0;32m  OK  [0m] Stopped Remount Root and Kernel File Systems.
[[0;32m  OK  [0m] Reached target Shutdown.
[  890.443059] reboot: Power down